<html>
<body>
<pre>
<h1>µVision Build Log</h1>
<h2>Tool Versions:</h2>
IDE-Version: ¦ÌVision V5.31.0.0
Copyright (C) 2020 ARM Ltd and ARM Germany GmbH. All rights reserved.
License Information: hua ASUS, zhejiang, LIC=R4HV2-9FJYR-XCBJ0-BM8DB-35TI2-5ETLK
 
Tool Versions:
Toolchain:       MDK-ARM Professional  Version: 5.31.0.0
Toolchain Path:  D:\Keil_v5\ARM\ARMCC\Bin
C Compiler:      Armcc.exe V5.06 update 6 (build 750)
Assembler:       Armasm.exe V5.06 update 6 (build 750)
Linker/Locator:  ArmLink.exe V5.06 update 6 (build 750)
Library Manager: ArmAr.exe V5.06 update 6 (build 750)
Hex Converter:   FromElf.exe V5.06 update 6 (build 750)
CPU DLL:         SARMCM3.DLL V5.31.0.0
Dialog DLL:      DCM.DLL V1.17.3.0
Target DLL:      STLink\ST-LINKIII-KEIL_SWO.dll V3.0.7.0
Dialog DLL:      TCM.DLL V1.46.0.0
 
<h2>Project:</h2>
E:\04_practice\03_KEIL\13_IO_HAL\02_AX58100\MDK-ARM\IO.uvprojx
Project File Date:  11/18/2023

<h2>Output:</h2>
*** Using Compiler 'V5.06 update 6 (build 750)', folder: 'D:\Keil_v5\ARM\ARMCC\Bin'
Build target 'IO'
compiling main.c...
compiling el9800appl.c...
..\EtherCAT\el9800appl.c(213): warning:  #188-D: enumerated type mixed with another type
  		LED_1(sDOOutputs.bLED1);
..\EtherCAT\el9800appl.c(214): warning:  #188-D: enumerated type mixed with another type
  		LED_2(sDOOutputs.bLED2);
..\EtherCAT\el9800appl.c(215): warning:  #188-D: enumerated type mixed with another type
  		LED_3(sDOOutputs.bLED3);
..\EtherCAT\el9800appl.c(216): warning:  #188-D: enumerated type mixed with another type
  		LED_4(sDOOutputs.bLED4);
..\EtherCAT\el9800appl.c(217): warning:  #188-D: enumerated type mixed with another type
  		LED_5(sDOOutputs.bLED5);
..\EtherCAT\el9800appl.c(218): warning:  #188-D: enumerated type mixed with another type
  		LED_6(sDOOutputs.bLED6);
..\EtherCAT\el9800appl.c(219): warning:  #188-D: enumerated type mixed with another type
  		LED_7(sDOOutputs.bLED7);
..\EtherCAT\el9800appl.c(220): warning:  #188-D: enumerated type mixed with another type
  		LED_8(sDOOutputs.bLED8);
..\EtherCAT\el9800appl.c(384): warning:  #188-D: enumerated type mixed with another type
  		LED_1(sDOOutputs.bLED1);
..\EtherCAT\el9800appl.c(385): warning:  #188-D: enumerated type mixed with another type
  		LED_2(sDOOutputs.bLED2);
..\EtherCAT\el9800appl.c(386): warning:  #188-D: enumerated type mixed with another type
  		LED_3(sDOOutputs.bLED3);
..\EtherCAT\el9800appl.c(387): warning:  #188-D: enumerated type mixed with another type
  		LED_4(sDOOutputs.bLED4);
..\EtherCAT\el9800appl.c(388): warning:  #188-D: enumerated type mixed with another type
  		LED_5(sDOOutputs.bLED5);
..\EtherCAT\el9800appl.c(389): warning:  #188-D: enumerated type mixed with another type
  		LED_6(sDOOutputs.bLED6);
..\EtherCAT\el9800appl.c(390): warning:  #188-D: enumerated type mixed with another type
  		LED_7(sDOOutputs.bLED7);
..\EtherCAT\el9800appl.c(391): warning:  #188-D: enumerated type mixed with another type
  		LED_8(sDOOutputs.bLED8);
..\EtherCAT\el9800appl.c: 16 warnings, 0 errors
linking...
Program Size: Code=30796 RO-data=2880 RW-data=1576 ZI-data=17712  
FromELF: creating hex file...
"IO\IO.axf" - 0 Error(s), 16 Warning(s).

<h2>Software Packages used:</h2>

Package Vendor: ARM
                http://www.keil.com/pack/ARM.CMSIS.5.7.0.pack
                ARM.CMSIS.5.7.0
                CMSIS (Cortex Microcontroller Software Interface Standard)
   * Component: CORE Version: 5.4.0

Package Vendor: Keil
                http://www.keil.com/pack/Keil.STM32F4xx_DFP.2.9.0.pack
                Keil.STM32F4xx_DFP.2.9.0
                STMicroelectronics STM32F4 Series Device Support, Drivers and Examples

<h2>Collection of Component include folders:</h2>
  .\RTE\_IO
  D:\Keil_v5\ARM\PACK\ARM\CMSIS\5.7.0\CMSIS\Core\Include
  D:\Keil_v5\ARM\PACK\Keil\STM32F4xx_DFP\2.9.0\Drivers\CMSIS\Device\ST\STM32F4xx\Include

<h2>Collection of Component Files used:</h2>

   * Component: ARM::CMSIS:CORE:5.4.0
      Include file:  CMSIS\Core\Include\tz_context.h
Build Time Elapsed:  00:00:02
</pre>
</body>
</html>
