Component: ARM Compiler 5.06 update 6 (build 750) Tool: armlink [4d35ed]

==============================================================================

Section Cross References

    startup_stm32f405xx.o(STACK) refers (Special) to heapauxi.o(.text) for __use_two_region_memory
    startup_stm32f405xx.o(HEAP) refers (Special) to heapauxi.o(.text) for __use_two_region_memory
    startup_stm32f405xx.o(RESET) refers (Special) to heapauxi.o(.text) for __use_two_region_memory
    startup_stm32f405xx.o(RESET) refers to startup_stm32f405xx.o(STACK) for __initial_sp
    startup_stm32f405xx.o(RESET) refers to startup_stm32f405xx.o(.text) for Reset_Handler
    startup_stm32f405xx.o(RESET) refers to stm32f4xx_it.o(i.NMI_Handler) for NMI_Handler
    startup_stm32f405xx.o(RESET) refers to stm32f4xx_it.o(i.HardFault_Handler) for HardFault_Handler
    startup_stm32f405xx.o(RESET) refers to stm32f4xx_it.o(i.MemManage_Handler) for MemManage_Handler
    startup_stm32f405xx.o(RESET) refers to stm32f4xx_it.o(i.BusFault_Handler) for BusFault_Handler
    startup_stm32f405xx.o(RESET) refers to stm32f4xx_it.o(i.UsageFault_Handler) for UsageFault_Handler
    startup_stm32f405xx.o(RESET) refers to stm32f4xx_it.o(i.SVC_Handler) for SVC_Handler
    startup_stm32f405xx.o(RESET) refers to stm32f4xx_it.o(i.DebugMon_Handler) for DebugMon_Handler
    startup_stm32f405xx.o(RESET) refers to stm32f4xx_it.o(i.PendSV_Handler) for PendSV_Handler
    startup_stm32f405xx.o(RESET) refers to stm32f4xx_it.o(i.SysTick_Handler) for SysTick_Handler
    startup_stm32f405xx.o(RESET) refers to el9800hw.o(i.EXTI0_IRQHandler) for EXTI0_IRQHandler
    startup_stm32f405xx.o(RESET) refers to el9800hw.o(i.EXTI1_IRQHandler) for EXTI1_IRQHandler
    startup_stm32f405xx.o(RESET) refers to el9800hw.o(i.EXTI9_5_IRQHandler) for EXTI9_5_IRQHandler
    startup_stm32f405xx.o(RESET) refers to el9800hw.o(i.TIM2_IRQHandler) for TIM2_IRQHandler
    startup_stm32f405xx.o(RESET) refers to stm32f4xx_it.o(i.DMA2_Stream0_IRQHandler) for DMA2_Stream0_IRQHandler
    startup_stm32f405xx.o(.text) refers (Special) to heapauxi.o(.text) for __use_two_region_memory
    startup_stm32f405xx.o(.text) refers to system_stm32f4xx.o(i.SystemInit) for SystemInit
    startup_stm32f405xx.o(.text) refers to __main.o(!!!main) for __main
    startup_stm32f405xx.o(.text) refers to startup_stm32f405xx.o(HEAP) for Heap_Mem
    startup_stm32f405xx.o(.text) refers to startup_stm32f405xx.o(STACK) for Stack_Mem
    main.o(i.SystemClock_Config) refers to rt_memclr_w.o(.text) for __aeabi_memclr4
    main.o(i.SystemClock_Config) refers to stm32f4xx_hal_rcc.o(i.HAL_RCC_OscConfig) for HAL_RCC_OscConfig
    main.o(i.SystemClock_Config) refers to main.o(i.Error_Handler) for Error_Handler
    main.o(i.SystemClock_Config) refers to stm32f4xx_hal_rcc.o(i.HAL_RCC_ClockConfig) for HAL_RCC_ClockConfig
    main.o(i.main) refers to stm32f4xx_hal.o(i.HAL_Init) for HAL_Init
    main.o(i.main) refers to main.o(i.SystemClock_Config) for SystemClock_Config
    main.o(i.main) refers to gpio.o(i.MX_GPIO_Init) for MX_GPIO_Init
    main.o(i.main) refers to dma.o(i.MX_DMA_Init) for MX_DMA_Init
    main.o(i.main) refers to tim.o(i.MX_TIM2_Init) for MX_TIM2_Init
    main.o(i.main) refers to spi.o(i.MX_SPI2_Init) for MX_SPI2_Init
    main.o(i.main) refers to adc.o(i.MX_ADC1_Init) for MX_ADC1_Init
    main.o(i.main) refers to el9800appl.o(i.ECT_main) for ECT_main
    gpio.o(i.MX_GPIO_Init) refers to rt_memclr_w.o(.text) for __aeabi_memclr4
    gpio.o(i.MX_GPIO_Init) refers to stm32f4xx_hal_gpio.o(i.HAL_GPIO_WritePin) for HAL_GPIO_WritePin
    gpio.o(i.MX_GPIO_Init) refers to stm32f4xx_hal_gpio.o(i.HAL_GPIO_Init) for HAL_GPIO_Init
    gpio.o(i.MX_GPIO_Init) refers to stm32f4xx_hal_cortex.o(i.HAL_NVIC_SetPriority) for HAL_NVIC_SetPriority
    gpio.o(i.MX_GPIO_Init) refers to stm32f4xx_hal_cortex.o(i.HAL_NVIC_EnableIRQ) for HAL_NVIC_EnableIRQ
    adc.o(i.HAL_ADC_MspDeInit) refers to stm32f4xx_hal_gpio.o(i.HAL_GPIO_DeInit) for HAL_GPIO_DeInit
    adc.o(i.HAL_ADC_MspDeInit) refers to stm32f4xx_hal_dma.o(i.HAL_DMA_DeInit) for HAL_DMA_DeInit
    adc.o(i.HAL_ADC_MspInit) refers to rt_memclr_w.o(.text) for __aeabi_memclr4
    adc.o(i.HAL_ADC_MspInit) refers to stm32f4xx_hal_gpio.o(i.HAL_GPIO_Init) for HAL_GPIO_Init
    adc.o(i.HAL_ADC_MspInit) refers to stm32f4xx_hal_dma.o(i.HAL_DMA_Init) for HAL_DMA_Init
    adc.o(i.HAL_ADC_MspInit) refers to main.o(i.Error_Handler) for Error_Handler
    adc.o(i.HAL_ADC_MspInit) refers to adc.o(.bss) for hdma_adc1
    adc.o(i.MX_ADC1_Init) refers to stm32f4xx_hal_adc.o(i.HAL_ADC_Init) for HAL_ADC_Init
    adc.o(i.MX_ADC1_Init) refers to main.o(i.Error_Handler) for Error_Handler
    adc.o(i.MX_ADC1_Init) refers to stm32f4xx_hal_adc.o(i.HAL_ADC_ConfigChannel) for HAL_ADC_ConfigChannel
    adc.o(i.MX_ADC1_Init) refers to adc.o(.bss) for hadc1
    dma.o(i.MX_DMA_Init) refers to stm32f4xx_hal_cortex.o(i.HAL_NVIC_SetPriority) for HAL_NVIC_SetPriority
[...]
    __scatterload                            0x08000191   Thumb Code     0  __scatter.o(!!!scatter)
    __scatterload_rt2                        0x08000191   Thumb Code    44  __scatter.o(!!!scatter)
    __scatterload_rt2_thumb_only             0x08000191   Thumb Code     0  __scatter.o(!!!scatter)
    __scatterload_null                       0x0800019f   Thumb Code     0  __scatter.o(!!!scatter)
    __decompress                             0x080001c5   Thumb Code    90  __dczerorl2.o(!!dczerorl2)
    __decompress1                            0x080001c5   Thumb Code     0  __dczerorl2.o(!!dczerorl2)
    __scatterload_zeroinit                   0x08000221   Thumb Code    28  __scatter_zi.o(!!handler_zi)
    __rt_lib_init                            0x0800023d   Thumb Code     0  libinit.o(.ARM.Collect$$libinit$$00000000)
    __rt_lib_init_fp_1                       0x0800023f   Thumb Code     0  libinit2.o(.ARM.Collect$$libinit$$00000001)
    __rt_lib_init_heap_2                     0x08000243   Thumb Code     0  libinit2.o(.ARM.Collect$$libinit$$00000005)
    __rt_lib_init_preinit_1                  0x08000243   Thumb Code     0  libinit2.o(.ARM.Collect$$libinit$$00000004)
    __rt_lib_init_alloca_1                   0x0800024b   Thumb Code     0  libinit2.o(.ARM.Collect$$libinit$$0000002E)
    __rt_lib_init_argv_1                     0x0800024b   Thumb Code     0  libinit2.o(.ARM.Collect$$libinit$$0000002C)
    __rt_lib_init_atexit_1                   0x0800024b   Thumb Code     0  libinit2.o(.ARM.Collect$$libinit$$0000001B)
    __rt_lib_init_clock_1                    0x0800024b   Thumb Code     0  libinit2.o(.ARM.Collect$$libinit$$00000021)
    __rt_lib_init_cpp_1                      0x0800024b   Thumb Code     0  libinit2.o(.ARM.Collect$$libinit$$00000032)
    __rt_lib_init_exceptions_1               0x0800024b   Thumb Code     0  libinit2.o(.ARM.Collect$$libinit$$00000030)
    __rt_lib_init_fp_trap_1                  0x0800024b   Thumb Code     0  libinit2.o(.ARM.Collect$$libinit$$0000001F)
    __rt_lib_init_getenv_1                   0x0800024b   Thumb Code     0  libinit2.o(.ARM.Collect$$libinit$$00000023)
    __rt_lib_init_heap_1                     0x0800024b   Thumb Code     0  libinit2.o(.ARM.Collect$$libinit$$0000000A)
    __rt_lib_init_lc_collate_1               0x0800024b   Thumb Code     0  libinit2.o(.ARM.Collect$$libinit$$00000011)
    __rt_lib_init_lc_ctype_1                 0x0800024b   Thumb Code     0  libinit2.o(.ARM.Collect$$libinit$$00000013)
    __rt_lib_init_lc_monetary_1              0x0800024b   Thumb Code     0  libinit2.o(.ARM.Collect$$libinit$$00000015)
    __rt_lib_init_lc_numeric_1               0x0800024b   Thumb Code     0  libinit2.o(.ARM.Collect$$libinit$$00000017)
    __rt_lib_init_lc_time_1                  0x0800024b   Thumb Code     0  libinit2.o(.ARM.Collect$$libinit$$00000019)
    __rt_lib_init_rand_1                     0x0800024b   Thumb Code     0  libinit2.o(.ARM.Collect$$libinit$$0000000E)
    __rt_lib_init_return                     0x0800024b   Thumb Code     0  libinit2.o(.ARM.Collect$$libinit$$00000033)
    __rt_lib_init_signal_1                   0x0800024b   Thumb Code     0  libinit2.o(.ARM.Collect$$libinit$$0000001D)
    __rt_lib_init_stdio_1                    0x0800024b   Thumb Code     0  libinit2.o(.ARM.Collect$$libinit$$00000025)
    __rt_lib_init_user_alloc_1               0x0800024b   Thumb Code     0  libinit2.o(.ARM.Collect$$libinit$$0000000C)
    __rt_lib_shutdown                        0x0800024d   Thumb Code     0  libshutdown.o(.ARM.Collect$$libshutdown$$00000000)
    __rt_lib_shutdown_cpp_1                  0x0800024f   Thumb Code     0  libshutdown2.o(.ARM.Collect$$libshutdown$$00000002)
    __rt_lib_shutdown_fp_trap_1              0x0800024f   Thumb Code     0  libshutdown2.o(.ARM.Collect$$libshutdown$$00000007)
    __rt_lib_shutdown_heap_1                 0x0800024f   Thumb Code     0  libshutdown2.o(.ARM.Collect$$libshutdown$$0000000F)
    __rt_lib_shutdown_return                 0x0800024f   Thumb Code     0  libshutdown2.o(.ARM.Collect$$libshutdown$$00000010)
    __rt_lib_shutdown_signal_1               0x0800024f   Thumb Code     0  libshutdown2.o(.ARM.Collect$$libshutdown$$0000000A)
    __rt_lib_shutdown_stdio_1                0x0800024f   Thumb Code     0  libshutdown2.o(.ARM.Collect$$libshutdown$$00000004)
    __rt_lib_shutdown_user_alloc_1           0x0800024f   Thumb Code     0  libshutdown2.o(.ARM.Collect$$libshutdown$$0000000C)
    __rt_entry                               0x08000251   Thumb Code     0  __rtentry.o(.ARM.Collect$$rtentry$$00000000)
    __rt_entry_presh_1                       0x08000251   Thumb Code     0  __rtentry2.o(.ARM.Collect$$rtentry$$00000002)
    __rt_entry_sh                            0x08000251   Thumb Code     0  __rtentry4.o(.ARM.Collect$$rtentry$$00000004)
    __rt_entry_li                            0x08000257   Thumb Code     0  __rtentry2.o(.ARM.Collect$$rtentry$$0000000A)
    __rt_entry_postsh_1                      0x08000257   Thumb Code     0  __rtentry2.o(.ARM.Collect$$rtentry$$00000009)
    __rt_entry_main                          0x0800025b   Thumb Code     0  __rtentry2.o(.ARM.Collect$$rtentry$$0000000D)
    __rt_entry_postli_1                      0x0800025b   Thumb Code     0  __rtentry2.o(.ARM.Collect$$rtentry$$0000000C)
    __rt_exit                                0x08000263   Thumb Code     0  rtexit.o(.ARM.Collect$$rtexit$$00000000)
    __rt_exit_ls                             0x08000265   Thumb Code     0  rtexit2.o(.ARM.Collect$$rtexit$$00000003)
    __rt_exit_prels_1                        0x08000265   Thumb Code     0  rtexit2.o(.ARM.Collect$$rtexit$$00000002)
    __rt_exit_exit                           0x08000269   Thumb Code     0  rtexit2.o(.ARM.Collect$$rtexit$$00000004)
    Reset_Handler                            0x08000271   Thumb Code     8  startup_stm32f405xx.o(.text)
    _maybe_terminate_alloc                   0x08000271   Thumb Code     0  maybetermalloc1.o(.emb_text)
    ADC_IRQHandler                           0x0800028b   Thumb Code     0  startup_stm32f405xx.o(.text)
    CAN1_RX0_IRQHandler                      0x0800028b   Thumb Code     0  startup_stm32f405xx.o(.text)
    CAN1_RX1_IRQHandler                      0x0800028b   Thumb Code     0  startup_stm32f405xx.o(.text)
    CAN1_SCE_IRQHandler                      0x0800028b   Thumb Code     0  startup_stm32f405xx.o(.text)
    CAN1_TX_IRQHandler                       0x0800028b   Thumb Code     0  startup_stm32f405xx.o(.text)
    CAN2_RX0_IRQHandler                      0x0800028b   Thumb Code     0  startup_stm32f405xx.o(.text)
    CAN2_RX1_IRQHandler                      0x0800028b   Thumb Code     0  startup_stm32f405xx.o(.text)
    CAN2_SCE_IRQHandler                      0x0800028b   Thumb Code     0  startup_stm32f405xx.o(.text)
    CAN2_TX_IRQHandler                       0x0800028b   Thumb Code     0  startup_stm32f405xx.o(.text)
    DMA1_Stream0_IRQHandler                  0x0800028b   Thumb Code     0  startup_stm32f405xx.o(.text)
    DMA1_Stream1_IRQHandler                  0x0800028b   Thumb Code     0  startup_stm32f405xx.o(.text)
    DMA1_Stream2_IRQHandler                  0x0800028b   Thumb Code     0  startup_stm32f405xx.o(.text)
    DMA1_Stream3_IRQHandler                  0x0800028b   Thumb Code     0  startup_stm32f405xx.o(.text)
    DMA1_Stream4_IRQHandler                  0x0800028b   Thumb Code     0  startup_stm32f405xx.o(.text)
    DMA1_Stream5_IRQHandler                  0x0800028b   Thumb Code     0  startup_stm32f405xx.o(.text)
    DMA1_Stream6_IRQHandler                  0x0800028b   Thumb Code     0  startup_stm32f405xx.o(.text)
    DMA1_Stream7_IRQHandler                  0x0800028b   Thumb Code     0  startup_stm32f405xx.o(.text)
    DMA2_Stream1_IRQHandler                  0x0800028b   Thumb Code     0  startup_stm32f405xx.o(.text)
    DMA2_Stream2_IRQHandler                  0x0800028b   Thumb Code     0  startup_stm32f405xx.o(.text)
    DMA2_Stream3_IRQHandler                  0x0800028b   Thumb Code     0  startup_stm32f405xx.o(.text)
    DMA2_Stream4_IRQHandler                  0x0800028b   Thumb Code     0  startup_stm32f405xx.o(.text)
    DMA2_Stream5_IRQHandler                  0x0800028b   Thumb Code     0  startup_stm32f405xx.o(.text)
    DMA2_Stream6_IRQHandler                  0x0800028b   Thumb Code     0  startup_stm32f405xx.o(.text)
    DMA2_Stream7_IRQHandler                  0x0800028b   Thumb Code     0  startup_stm32f405xx.o(.text)
    EXTI15_10_IRQHandler                     0x0800028b   Thumb Code     0  startup_stm32f405xx.o(.text)
    EXTI2_IRQHandler                         0x0800028b   Thumb Code     0  startup_stm32f405xx.o(.text)
    EXTI3_IRQHandler                         0x0800028b   Thumb Code     0  startup_stm32f405xx.o(.text)
    EXTI4_IRQHandler                         0x0800028b   Thumb Code     0  startup_stm32f405xx.o(.text)
    FLASH_IRQHandler                         0x0800028b   Thumb Code     0  startup_stm32f405xx.o(.text)
    FMC_IRQHandler                           0x0800028b   Thumb Code     0  startup_stm32f405xx.o(.text)
    FPU_IRQHandler                           0x0800028b   Thumb Code     0  startup_stm32f405xx.o(.text)
    HASH_RNG_IRQHandler                      0x0800028b   Thumb Code     0  startup_stm32f405xx.o(.text)
    I2C1_ER_IRQHandler                       0x0800028b   Thumb Code     0  startup_stm32f405xx.o(.text)
    I2C1_EV_IRQHandler                       0x0800028b   Thumb Code     0  startup_stm32f405xx.o(.text)
    I2C2_ER_IRQHandler                       0x0800028b   Thumb Code     0  startup_stm32f405xx.o(.text)
    I2C2_EV_IRQHandler                       0x0800028b   Thumb Code     0  startup_stm32f405xx.o(.text)
    I2C3_ER_IRQHandler                       0x0800028b   Thumb Code     0  startup_stm32f405xx.o(.text)
    I2C3_EV_IRQHandler                       0x0800028b   Thumb Code     0  startup_stm32f405xx.o(.text)
    OTG_FS_IRQHandler                        0x0800028b   Thumb Code     0  startup_stm32f405xx.o(.text)
    OTG_FS_WKUP_IRQHandler                   0x0800028b   Thumb Code     0  startup_stm32f405xx.o(.text)
    OTG_HS_EP1_IN_IRQHandler                 0x0800028b   Thumb Code     0  startup_stm32f405xx.o(.text)
    OTG_HS_EP1_OUT_IRQHandler                0x0800028b   Thumb Code     0  startup_stm32f405xx.o(.text)
    OTG_HS_IRQHandler                        0x0800028b   Thumb Code     0  startup_stm32f405xx.o(.text)
    OTG_HS_WKUP_IRQHandler                   0x0800028b   Thumb Code     0  startup_stm32f405xx.o(.text)
    PVD_IRQHandler                           0x0800028b   Thumb Code     0  startup_stm32f405xx.o(.text)
    RCC_IRQHandler                           0x0800028b   Thumb Code     0  startup_stm32f405xx.o(.text)
    RTC_Alarm_IRQHandler                     0x0800028b   Thumb Code     0  startup_stm32f405xx.o(.text)
    RTC_WKUP_IRQHandler                      0x0800028b   Thumb Code     0  startup_stm32f405xx.o(.text)
    SDIO_IRQHandler                          0x0800028b   Thumb Code     0  startup_stm32f405xx.o(.text)
    SPI1_IRQHandler                          0x0800028b   Thumb Code     0  startup_stm32f405xx.o(.text)
    SPI2_IRQHandler                          0x0800028b   Thumb Code     0  startup_stm32f405xx.o(.text)
    SPI3_IRQHandler                          0x0800028b   Thumb Code     0  startup_stm32f405xx.o(.text)
    TAMP_STAMP_IRQHandler                    0x0800028b   Thumb Code     0  startup_stm32f405xx.o(.text)
    TIM1_BRK_TIM9_IRQHandler                 0x0800028b   Thumb Code     0  startup_stm32f405xx.o(.text)
    TIM1_CC_IRQHandler                       0x0800028b   Thumb Code     0  startup_stm32f405xx.o(.text)
    TIM1_TRG_COM_TIM11_IRQHandler            0x0800028b   Thumb Code     0  startup_stm32f405xx.o(.text)
    TIM1_UP_TIM10_IRQHandler                 0x0800028b   Thumb Code     0  startup_stm32f405xx.o(.text)
    TIM3_IRQHandler                          0x0800028b   Thumb Code     0  startup_stm32f405xx.o(.text)
    TIM4_IRQHandler                          0x0800028b   Thumb Code     0  startup_stm32f405xx.o(.text)
    TIM5_IRQHandler                          0x0800028b   Thumb Code     0  startup_stm32f405xx.o(.text)
    TIM6_DAC_IRQHandler                      0x0800028b   Thumb Code     0  startup_stm32f405xx.o(.text)
    TIM7_IRQHandler                          0x0800028b   Thumb Code     0  startup_stm32f405xx.o(.text)
    TIM8_BRK_TIM12_IRQHandler                0x0800028b   Thumb Code     0  startup_stm32f405xx.o(.text)
    TIM8_CC_IRQHandler                       0x0800028b   Thumb Code     0  startup_stm32f405xx.o(.text)
    TIM8_TRG_COM_TIM14_IRQHandler            0x0800028b   Thumb Code     0  startup_stm32f405xx.o(.text)
    TIM8_UP_TIM13_IRQHandler                 0x0800028b   Thumb Code     0  startup_stm32f405xx.o(.text)
    UART4_IRQHandler                         0x0800028b   Thumb Code     0  startup_stm32f405xx.o(.text)
    UART5_IRQHandler                         0x0800028b   Thumb Code     0  startup_stm32f405xx.o(.text)
    USART1_IRQHandler                        0x0800028b   Thumb Code     0  startup_stm32f405xx.o(.text)
    USART2_IRQHandler                        0x0800028b   Thumb Code     0  startup_stm32f405xx.o(.text)
    USART3_IRQHandler                        0x0800028b   Thumb Code     0  startup_stm32f405xx.o(.text)
    USART6_IRQHandler                        0x0800028b   Thumb Code     0  startup_stm32f405xx.o(.text)
    WWDG_IRQHandler                          0x0800028b   Thumb Code     0  startup_stm32f405xx.o(.text)
    __user_initial_stackheap                 0x0800028d   Thumb Code     0  startup_stm32f405xx.o(.text)
    malloc                                   0x080002b1   Thumb Code    94  h1_alloc.o(.text)
    free                                     0x0800030f   Thumb Code    78  h1_free.o(.text)
    __aeabi_uldivmod                         0x0800035d   Thumb Code     0  lludivv7m.o(.text)
    _ll_udiv                                 0x0800035d   Thumb Code   238  lludivv7m.o(.text)
    strlen                                   0x0800044b   Thumb Code    62  strlen.o(.text)
    __aeabi_memcpy                           0x08000489   Thumb Code     0  rt_memcpy_v6.o(.text)
    __rt_memcpy                              0x08000489   Thumb Code   138  rt_memcpy_v6.o(.text)
    _memcpy_lastbytes                        0x080004ef   Thumb Code     0  rt_memcpy_v6.o(.text)
    __aeabi_memclr                           0x08000513   Thumb Code     0  rt_memclr.o(.text)
    __rt_memclr                              0x08000513   Thumb Code    68  rt_memclr.o(.text)
    _memset                                  0x08000517   Thumb Code     0  rt_memclr.o(.text)
    __aeabi_memclr4                          0x08000557   Thumb Code     0  rt_memclr_w.o(.text)
    __aeabi_memclr8                          0x08000557   Thumb Code     0  rt_memclr_w.o(.text)
    __rt_memclr_w                            0x08000557   Thumb Code    78  rt_memclr_w.o(.text)
    _memset_w                                0x0800055b   Thumb Code     0  rt_memclr_w.o(.text)
    __use_two_region_memory                  0x080005a5   Thumb Code     2  heapauxi.o(.text)
    __rt_heap_escrow                         0x080005a7   Thumb Code     2  heapauxi.o(.text)
    __rt_heap_expand                         0x080005a9   Thumb Code     2  heapauxi.o(.text)
    __rt_heap_descriptor                     0x080005ad   Thumb Code     8  rt_heap_descriptor_intlibspace.o(.text)
    __use_no_heap                            0x080005b5   Thumb Code     2  hguard.o(.text)
    __heap$guard                             0x080005b7   Thumb Code     2  hguard.o(.text)
    _terminate_user_alloc                    0x080005b9   Thumb Code     2  init_alloc.o(.text)
    _init_user_alloc                         0x080005bb   Thumb Code     2  init_alloc.o(.text)
    __Heap_Full                              0x080005bd   Thumb Code    34  init_alloc.o(.text)
    __Heap_Broken                            0x080005df   Thumb Code     6  init_alloc.o(.text)
    _init_alloc                              0x080005e5   Thumb Code    94  init_alloc.o(.text)
    __Heap_Initialize                        0x08000643   Thumb Code    10  h1_init.o(.text)
    __Heap_DescSize                          0x0800064d   Thumb Code     4  h1_init.o(.text)
    __aeabi_memcpy4                          0x08000651   Thumb Code     0  rt_memcpy_w.o(.text)
    __aeabi_memcpy8                          0x08000651   Thumb Code     0  rt_memcpy_w.o(.text)
    __rt_memcpy_w                            0x08000651   Thumb Code   100  rt_memcpy_w.o(.text)
    _memcpy_lastbytes_aligned                0x08000699   Thumb Code     0  rt_memcpy_w.o(.text)
    __user_libspace                          0x080006b5   Thumb Code     8  libspace.o(.text)
    __user_perproc_libspace                  0x080006b5   Thumb Code     0  libspace.o(.text)
    __user_perthread_libspace                0x080006b5   Thumb Code     0  libspace.o(.text)
    __Heap_ProvideMemory                     0x080006bd   Thumb Code    52  h1_extend.o(.text)
    __rt_SIGRTMEM                            0x080006f1   Thumb Code    14  defsig_rtmem_outer.o(.text)
    __I$use$semihosting                      0x080006ff   Thumb Code     0  use_no_semi.o(.text)
    __use_no_semihosting_swi                 0x080006ff   Thumb Code     2  use_no_semi.o(.text)
    __semihosting_library_function           0x08000701   Thumb Code     0  indicate_semi.o(.text)
    __user_setup_stackheap                   0x08000701   Thumb Code    74  sys_stackheap_outer.o(.text)
    exit                                     0x0800074b   Thumb Code    18  exit.o(.text)
    __sig_exit                               0x0800075d   Thumb Code    10  defsig_exit.o(.text)
    __rt_SIGRTMEM_inner                      0x08000769   Thumb Code    22  defsig_rtmem_inner.o(.text)
    _sys_exit                                0x080007b9   Thumb Code     8  sys_exit.o(.text)
    __default_signal_display                 0x080007c5   Thumb Code    50  defsig_general.o(.text)
    _ttywrch                                 0x080007f7   Thumb Code    14  sys_wrch.o(.text)
    AL_ControlInd                            0x08000a0d   Thumb Code  1104  ecatslv.o(i.AL_ControlInd)
    AL_ControlRes                            0x08000e65   Thumb Code   470  ecatslv.o(i.AL_ControlRes)
    APPL_AckErrorInd                         0x0800107d   Thumb Code     2  el9800appl.o(i.APPL_AckErrorInd)
    APPL_Application                         0x08001081   Thumb Code   394  el9800appl.o(i.APPL_Application)
    APPL_GenerateMapping                     0x08001229   Thumb Code   234  el9800appl.o(i.APPL_GenerateMapping)
    APPL_InputMapping                        0x0800131d   Thumb Code    78  el9800appl.o(i.APPL_InputMapping)
    APPL_OutputMapping                       0x08001379   Thumb Code    54  el9800appl.o(i.APPL_OutputMapping)
    APPL_StartInputHandler                   0x080013b9   Thumb Code     6  el9800appl.o(i.APPL_StartInputHandler)
    APPL_StartMailboxHandler                 0x080013bf   Thumb Code     4  el9800appl.o(i.APPL_StartMailboxHandler)
    APPL_StartOutputHandler                  0x080013c3   Thumb Code     4  el9800appl.o(i.APPL_StartOutputHandler)
    APPL_StopInputHandler                    0x080013c7   Thumb Code     4  el9800appl.o(i.APPL_StopInputHandler)
    APPL_StopMailboxHandler                  0x080013cb   Thumb Code     4  el9800appl.o(i.APPL_StopMailboxHandler)
    APPL_StopOutputHandler                   0x080013d1   Thumb Code   224  el9800appl.o(i.APPL_StopOutputHandler)
    AddObjectsToObjDictionary                0x080014bd   Thumb Code    40  coeappl.o(i.AddObjectsToObjDictionary)
    BackToInitTransition                     0x08001521   Thumb Code     8  ecatslv.o(i.BackToInitTransition)
    BusFault_Handler                         0x0800152d   Thumb Code     4  stm32f4xx_it.o(i.BusFault_Handler)
    COE_AddObjectToDic                       0x08001531   Thumb Code   140  coeappl.o(i.COE_AddObjectToDic)
    COE_ClearObjDictionary                   0x080015c1   Thumb Code    32  coeappl.o(i.COE_ClearObjDictionary)
    COE_ContinueInd                          0x080015e5   Thumb Code    64  ecatcoe.o(i.COE_ContinueInd)
    COE_GetObjectDictionary                  0x0800162d   Thumb Code     6  coeappl.o(i.COE_GetObjectDictionary)
    COE_Init                                 0x08001639   Thumb Code    12  ecatcoe.o(i.COE_Init)
    COE_Main                                 0x0800164d   Thumb Code   154  coeappl.o(i.COE_Main)
    COE_ObjDictionaryInit                    0x08001709   Thumb Code    36  coeappl.o(i.COE_ObjDictionaryInit)
    COE_ObjInit                              0x08001739   Thumb Code   132  coeappl.o(i.COE_ObjInit)
    COE_RemoveDicEntry                       0x080017ed   Thumb Code    62  coeappl.o(i.COE_RemoveDicEntry)
    COE_ServiceInd                           0x08001831   Thumb Code    72  ecatcoe.o(i.COE_ServiceInd)
    CheckIfEcatError                         0x08001879   Thumb Code   120  ecatslv.o(i.CheckIfEcatError)
    CheckSmSettings                          0x0800190d   Thumb Code   702  ecatslv.o(i.CheckSmSettings)
    CheckSyncTypeValue                       0x08001bf5   Thumb Code   242  objdef.o(i.CheckSyncTypeValue)
    DC_CheckWatchdog                         0x08001cf9   Thumb Code   208  ecatslv.o(i.DC_CheckWatchdog)
    DMA2_Stream0_IRQHandler                  0x08001df5   Thumb Code    10  stm32f4xx_it.o(i.DMA2_Stream0_IRQHandler)
    DebugMon_Handler                         0x08001f0f   Thumb Code     2  stm32f4xx_it.o(i.DebugMon_Handler)
    DisableSyncManChannel                    0x08001f11   Thumb Code    52  ecatslv.o(i.DisableSyncManChannel)
    ECAT_Application                         0x08001f45   Thumb Code     8  ecatappl.o(i.ECAT_Application)
    ECAT_CheckTimer                          0x08001f4d   Thumb Code    56  ecatappl.o(i.ECAT_CheckTimer)
    ECAT_Init                                0x08001f95   Thumb Code   200  ecatslv.o(i.ECAT_Init)
    ECAT_Main                                0x080020b9   Thumb Code   324  ecatslv.o(i.ECAT_Main)
    ECAT_SetLedIndication                    0x08002215   Thumb Code   584  ecatappl.o(i.ECAT_SetLedIndication)
    ECT_main                                 0x08002489   Thumb Code    38  el9800appl.o(i.ECT_main)
    EXTI0_IRQHandler                         0x080024b5   Thumb Code    20  el9800hw.o(i.EXTI0_IRQHandler)
    EXTI1_IRQHandler                         0x080024cd   Thumb Code    20  el9800hw.o(i.EXTI1_IRQHandler)
    EXTI9_5_IRQHandler                       0x080024e5   Thumb Code    24  el9800hw.o(i.EXTI9_5_IRQHandler)
    EnableSyncManChannel                     0x08002501   Thumb Code    50  ecatslv.o(i.EnableSyncManChannel)
    Error_Handler                            0x08002533   Thumb Code     6  main.o(i.Error_Handler)
    GetOutOfMbxQueue                         0x08002575   Thumb Code    46  mailbox.o(i.GetOutOfMbxQueue)
    GetSyncMan                               0x080025a5   Thumb Code    24  ecatslv.o(i.GetSyncMan)
    HAL_ADC_ConfigChannel                    0x080025c1   Thumb Code   380  stm32f4xx_hal_adc.o(i.HAL_ADC_ConfigChannel)
    HAL_ADC_ConvCpltCallback                 0x0800274d   Thumb Code     2  stm32f4xx_hal_adc.o(i.HAL_ADC_ConvCpltCallback)
    HAL_ADC_ConvHalfCpltCallback             0x0800274f   Thumb Code     2  stm32f4xx_hal_adc.o(i.HAL_ADC_ConvHalfCpltCallback)
    HAL_ADC_ErrorCallback                    0x08002751   Thumb Code     2  stm32f4xx_hal_adc.o(i.HAL_ADC_ErrorCallback)
    HAL_ADC_Init                             0x08002755   Thumb Code   100  stm32f4xx_hal_adc.o(i.HAL_ADC_Init)
    HAL_ADC_MspInit                          0x080027bd   Thumb Code   180  adc.o(i.HAL_ADC_MspInit)
    HAL_ADC_Start_DMA                        0x08002885   Thumb Code   398  stm32f4xx_hal_adc.o(i.HAL_ADC_Start_DMA)
    HAL_DMA_IRQHandler                       0x08002a39   Thumb Code   570  stm32f4xx_hal_dma.o(i.HAL_DMA_IRQHandler)
    HAL_DMA_Init                             0x08002c79   Thumb Code   232  stm32f4xx_hal_dma.o(i.HAL_DMA_Init)
    HAL_DMA_Start_IT                         0x08002d65   Thumb Code   146  stm32f4xx_hal_dma.o(i.HAL_DMA_Start_IT)
    HAL_GPIO_EXTI_Callback                   0x08002df7   Thumb Code     2  stm32f4xx_hal_gpio.o(i.HAL_GPIO_EXTI_Callback)
    HAL_GPIO_EXTI_IRQHandler                 0x08002df9   Thumb Code    24  stm32f4xx_hal_gpio.o(i.HAL_GPIO_EXTI_IRQHandler)
    HAL_GPIO_Init                            0x08002e15   Thumb Code   454  stm32f4xx_hal_gpio.o(i.HAL_GPIO_Init)
    HAL_GPIO_ReadPin                         0x08003009   Thumb Code    16  stm32f4xx_hal_gpio.o(i.HAL_GPIO_ReadPin)
    HAL_GPIO_WritePin                        0x08003019   Thumb Code    12  stm32f4xx_hal_gpio.o(i.HAL_GPIO_WritePin)
    HAL_GetTick                              0x08003025   Thumb Code     6  stm32f4xx_hal.o(i.HAL_GetTick)
    HAL_IncTick                              0x08003031   Thumb Code    16  stm32f4xx_hal.o(i.HAL_IncTick)
    HAL_Init                                 0x08003049   Thumb Code    54  stm32f4xx_hal.o(i.HAL_Init)
    HAL_InitTick                             0x08003085   Thumb Code    64  stm32f4xx_hal.o(i.HAL_InitTick)
    HAL_MspInit                              0x080030d1   Thumb Code    74  stm32f4xx_hal_msp.o(i.HAL_MspInit)
    HAL_NVIC_DisableIRQ                      0x08003121   Thumb Code    62  stm32f4xx_hal_cortex.o(i.HAL_NVIC_DisableIRQ)
    HAL_NVIC_EnableIRQ                       0x08003165   Thumb Code    32  stm32f4xx_hal_cortex.o(i.HAL_NVIC_EnableIRQ)
    HAL_NVIC_SetPriority                     0x08003185   Thumb Code   124  stm32f4xx_hal_cortex.o(i.HAL_NVIC_SetPriority)
    HAL_NVIC_SetPriorityGrouping             0x08003201   Thumb Code    32  stm32f4xx_hal_cortex.o(i.HAL_NVIC_SetPriorityGrouping)
    HAL_RCC_ClockConfig                      0x08003229   Thumb Code   368  stm32f4xx_hal_rcc.o(i.HAL_RCC_ClockConfig)
    HAL_RCC_GetSysClockFreq                  0x080033ad   Thumb Code   162  stm32f4xx_hal_rcc.o(i.HAL_RCC_GetSysClockFreq)
    HAL_RCC_OscConfig                        0x0800345d   Thumb Code  1172  stm32f4xx_hal_rcc.o(i.HAL_RCC_OscConfig)
    HAL_SPI_Init                             0x080038f9   Thumb Code   200  stm32f4xx_hal_spi.o(i.HAL_SPI_Init)
    HAL_SPI_MspInit                          0x080039c1   Thumb Code   182  spi.o(i.HAL_SPI_MspInit)
    HAL_SPI_TransmitReceive                  0x08003a89   Thumb Code   554  stm32f4xx_hal_spi.o(i.HAL_SPI_TransmitReceive)
    HAL_SYSTICK_Config                       0x08003cb3   Thumb Code    52  stm32f4xx_hal_cortex.o(i.HAL_SYSTICK_Config)
    HAL_TIMEx_BreakCallback                  0x08003ce7   Thumb Code     2  stm32f4xx_hal_tim_ex.o(i.HAL_TIMEx_BreakCallback)
    HAL_TIMEx_CommutCallback                 0x08003ce9   Thumb Code     2  stm32f4xx_hal_tim_ex.o(i.HAL_TIMEx_CommutCallback)
    HAL_TIMEx_MasterConfigSynchronization    0x08003ced   Thumb Code   150  stm32f4xx_hal_tim_ex.o(i.HAL_TIMEx_MasterConfigSynchronization)
    HAL_TIM_Base_Init                        0x08003da1   Thumb Code   102  stm32f4xx_hal_tim.o(i.HAL_TIM_Base_Init)
    HAL_TIM_Base_MspInit                     0x08003e09   Thumb Code    62  tim.o(i.HAL_TIM_Base_MspInit)
    HAL_TIM_Base_Start_IT                    0x08003e4d   Thumb Code   138  stm32f4xx_hal_tim.o(i.HAL_TIM_Base_Start_IT)
    HAL_TIM_ConfigClockSource                0x08003ef5   Thumb Code   268  stm32f4xx_hal_tim.o(i.HAL_TIM_ConfigClockSource)
    HAL_TIM_IC_CaptureCallback               0x08004001   Thumb Code     2  stm32f4xx_hal_tim.o(i.HAL_TIM_IC_CaptureCallback)
    HAL_TIM_IRQHandler                       0x08004003   Thumb Code   406  stm32f4xx_hal_tim.o(i.HAL_TIM_IRQHandler)
    HAL_TIM_OC_DelayElapsedCallback          0x08004199   Thumb Code     2  stm32f4xx_hal_tim.o(i.HAL_TIM_OC_DelayElapsedCallback)
    HAL_TIM_PWM_PulseFinishedCallback        0x0800419b   Thumb Code     2  stm32f4xx_hal_tim.o(i.HAL_TIM_PWM_PulseFinishedCallback)
    HAL_TIM_PeriodElapsedCallback            0x0800419d   Thumb Code     2  stm32f4xx_hal_tim.o(i.HAL_TIM_PeriodElapsedCallback)
    HAL_TIM_TriggerCallback                  0x0800419f   Thumb Code     2  stm32f4xx_hal_tim.o(i.HAL_TIM_TriggerCallback)
    HW_EscRead                               0x080041a1   Thumb Code    82  el9800hw.o(i.HW_EscRead)
    HW_EscReadIsr                            0x080041f9   Thumb Code    76  el9800hw.o(i.HW_EscReadIsr)
    HW_EscWrite                              0x08004249   Thumb Code    78  el9800hw.o(i.HW_EscWrite)
    HW_EscWriteIsr                           0x0800429d   Thumb Code    62  el9800hw.o(i.HW_EscWriteIsr)
    HW_GetALEventRegister                    0x080042e1   Thumb Code    12  el9800hw.o(i.HW_GetALEventRegister)
    HW_GetALEventRegister_Isr                0x080042f1   Thumb Code    12  el9800hw.o(i.HW_GetALEventRegister_Isr)
    HW_Init                                  0x08004301   Thumb Code   114  el9800hw.o(i.HW_Init)
    HW_Release                               0x08004379   Thumb Code     2  el9800hw.o(i.HW_Release)
    HW_SetLed                                0x0800437b   Thumb Code     2  el9800hw.o(i.HW_SetLed)
    HandleBusCycleCalculation                0x0800437d   Thumb Code   140  ecatappl.o(i.HandleBusCycleCalculation)
    HardFault_Handler                        0x08004429   Thumb Code     4  stm32f4xx_it.o(i.HardFault_Handler)
    MBX_CheckAndCopyMailbox                  0x08004465   Thumb Code   250  mailbox.o(i.MBX_CheckAndCopyMailbox)
    MBX_CopyToSendMailbox                    0x08004581   Thumb Code   186  mailbox.o(i.MBX_CopyToSendMailbox)
    MBX_Init                                 0x08004661   Thumb Code   136  mailbox.o(i.MBX_Init)
    MBX_MailboxReadInd                       0x0800472d   Thumb Code   140  mailbox.o(i.MBX_MailboxReadInd)
    MBX_MailboxRepeatReq                     0x080047d5   Thumb Code    82  mailbox.o(i.MBX_MailboxRepeatReq)
    MBX_MailboxSendReq                       0x0800483d   Thumb Code   132  mailbox.o(i.MBX_MailboxSendReq)
    MBX_MailboxWriteInd                      0x080048d1   Thumb Code   116  mailbox.o(i.MBX_MailboxWriteInd)
    MBX_Main                                 0x0800494d   Thumb Code    70  mailbox.o(i.MBX_Main)
    MBX_StartMailboxHandler                  0x0800499d   Thumb Code   166  mailbox.o(i.MBX_StartMailboxHandler)
    MBX_StopMailboxHandler                   0x08004a5d   Thumb Code   222  mailbox.o(i.MBX_StopMailboxHandler)
    MX_ADC1_Init                             0x08004b6d   Thumb Code   100  adc.o(i.MX_ADC1_Init)
    MX_DMA_Init                              0x08004bdd   Thumb Code    52  dma.o(i.MX_DMA_Init)
    MX_GPIO_Init                             0x08004c15   Thumb Code   356  gpio.o(i.MX_GPIO_Init)
    MX_SPI2_Init                             0x08004d89   Thumb Code    60  spi.o(i.MX_SPI2_Init)
    MX_TIM2_Init                             0x08004dcd   Thumb Code   104  tim.o(i.MX_TIM2_Init)
    MailboxServiceInd                        0x08004e39   Thumb Code    34  mailbox.o(i.MailboxServiceInd)
    MainInit                                 0x08004e5d   Thumb Code    36  ecatappl.o(i.MainInit)
    MainLoop                                 0x08004e91   Thumb Code   152  ecatappl.o(i.MainLoop)
    MemManage_Handler                        0x08004f45   Thumb Code     4  stm32f4xx_it.o(i.MemManage_Handler)
    NMI_Handler                              0x08004f49   Thumb Code     4  stm32f4xx_it.o(i.NMI_Handler)
    OBJ_CopyNumberToString                   0x08004f4d   Thumb Code    60  objdef.o(i.OBJ_CopyNumberToString)
    OBJ_GetDesc                              0x08004f89   Thumb Code   200  objdef.o(i.OBJ_GetDesc)
    OBJ_GetEntryDesc                         0x08005055   Thumb Code    38  objdef.o(i.OBJ_GetEntryDesc)
    OBJ_GetEntryOffset                       0x0800507b   Thumb Code   262  objdef.o(i.OBJ_GetEntryOffset)
    OBJ_GetNoOfObjects                       0x08005181   Thumb Code   100  objdef.o(i.OBJ_GetNoOfObjects)
    OBJ_GetObjDesc                           0x080051e5   Thumb Code     8  objdef.o(i.OBJ_GetObjDesc)
    OBJ_GetObjectHandle                      0x080051ed   Thumb Code    32  objdef.o(i.OBJ_GetObjectHandle)
    OBJ_GetObjectLength                      0x0800520d   Thumb Code   150  objdef.o(i.OBJ_GetObjectLength)
    OBJ_GetObjectList                        0x080052a5   Thumb Code   184  objdef.o(i.OBJ_GetObjectList)
    OBJ_Read                                 0x08005361   Thumb Code  1144  objdef.o(i.OBJ_Read)
    OBJ_Write                                0x080057d9   Thumb Code  1214  objdef.o(i.OBJ_Write)
    PDI_Isr                                  0x08005c99   Thumb Code   240  ecatappl.o(i.PDI_Isr)
    PDO_InputMapping                         0x08005db9   Thumb Code    28  ecatappl.o(i.PDO_InputMapping)
    PDO_OutputMapping                        0x08005de1   Thumb Code    24  ecatappl.o(i.PDO_OutputMapping)
    PendSV_Handler                           0x08005e05   Thumb Code     2  stm32f4xx_it.o(i.PendSV_Handler)
    PutInMbxQueue                            0x08005e07   Thumb Code    44  mailbox.o(i.PutInMbxQueue)
    ReadObject0x1802                         0x08005e35   Thumb Code    98  el9800appl.o(i.ReadObject0x1802)
    ResetALEventMask                         0x08005ea1   Thumb Code    50  ecatslv.o(i.ResetALEventMask)
    SDOS_SdoInd                              0x08005ef9   Thumb Code  1010  sdoserv.o(i.SDOS_SdoInd)
    SDOS_SdoInfoInd                          0x08006341   Thumb Code   712  sdoserv.o(i.SDOS_SdoInfoInd)
    SDOS_SdoRes                              0x08006625   Thumb Code   194  sdoserv.o(i.SDOS_SdoRes)
    SVC_Handler                              0x08006855   Thumb Code     2  stm32f4xx_it.o(i.SVC_Handler)
    SdoRes                                   0x08006afd   Thumb Code   210  sdoserv.o(i.SdoRes)
    SetALEventMask                           0x08006d79   Thumb Code    50  ecatslv.o(i.SetALEventMask)
    SetALStatus                              0x08006dad   Thumb Code   126  ecatslv.o(i.SetALStatus)
    StartInputHandler                        0x08006e35   Thumb Code  1484  ecatslv.o(i.StartInputHandler)
    StartOutputHandler                       0x08007441   Thumb Code    36  ecatslv.o(i.StartOutputHandler)
    StopInputHandler                         0x08007479   Thumb Code   126  ecatslv.o(i.StopInputHandler)
    StopOutputHandler                        0x08007549   Thumb Code    12  ecatslv.o(i.StopOutputHandler)
    Sync0_Isr                                0x0800755d   Thumb Code   246  ecatappl.o(i.Sync0_Isr)
    Sync1_Isr                                0x0800768d   Thumb Code    40  ecatappl.o(i.Sync1_Isr)
    SysTick_Handler                          0x080076c9   Thumb Code     8  stm32f4xx_it.o(i.SysTick_Handler)
    SystemClock_Config                       0x080076d1   Thumb Code   172  main.o(i.SystemClock_Config)
    SystemInit                               0x08007785   Thumb Code    14  system_stm32f4xx.o(i.SystemInit)
    TIM2_IRQHandler                          0x08007799   Thumb Code    48  el9800hw.o(i.TIM2_IRQHandler)
    TIM_Base_SetConfig                       0x080077d1   Thumb Code   170  stm32f4xx_hal_tim.o(i.TIM_Base_SetConfig)
    TIM_ETR_SetConfig                        0x080078a9   Thumb Code    22  stm32f4xx_hal_tim.o(i.TIM_ETR_SetConfig)
    UpdateEEPROMLoadedState                  0x08007921   Thumb Code    64  ecatslv.o(i.UpdateEEPROMLoadedState)
    UsageFault_Handler                       0x08007965   Thumb Code     4  stm32f4xx_it.o(i.UsageFault_Handler)
    main                                     0x080079a7   Thumb Code    36  main.o(i.main)
    _fp_init                                 0x080079cb   Thumb Code    10  fpinit.o(x$fpl$fpinit)
    __fplib_config_fpu_vfp                   0x080079d3   Thumb Code     0  fpinit.o(x$fpl$fpinit)
    __fplib_config_pureend_doubles           0x080079d3   Thumb Code     0  fpinit.o(x$fpl$fpinit)
    AHBPrescTable                            0x080079dc   Data          16  system_stm32f4xx.o(.constdata)
    APBPrescTable                            0x080079ec   Data           8  system_stm32f4xx.o(.constdata)
    asPDOAssignEntryDesc                     0x080079f4   Data          12  coeappl.o(.constdata)
    asEntryDesc0x0800                        0x08007a00   Data          18  coeappl.o(.constdata)
    asEntryDesc0x1601                        0x08007a12   Data          60  coeappl.o(.constdata)
    aName0x1601                              0x08007a4e   Data          15  coeappl.o(.constdata)
    asEntryDesc0x1802                        0x08007a5e   Data          60  coeappl.o(.constdata)
    aName0x1802                              0x08007a9a   Data          63  coeappl.o(.constdata)
    asEntryDesc0x1A00                        0x08007ada   Data          60  coeappl.o(.constdata)
    aName0x1A00                              0x08007b16   Data          15  coeappl.o(.constdata)
    asEntryDesc0x1A02                        0x08007b26   Data          54  coeappl.o(.constdata)
    aName0x1A02                              0x08007b5c   Data          15  coeappl.o(.constdata)
    aName0x1C12                              0x08007b6b   Data          13  coeappl.o(.constdata)
    aName0x1C13                              0x08007b78   Data          13  coeappl.o(.constdata)
    asEntryDesc0x6000                        0x08007b86   Data          60  coeappl.o(.constdata)
    aName0x6000                              0x08007bc2   Data          85  coeappl.o(.constdata)
    asEntryDesc0x6020                        0x08007c18   Data         108  coeappl.o(.constdata)
    aName0x6020                              0x08007c84   Data          97  coeappl.o(.constdata)
    asEntryDesc0x7010                        0x08007ce6   Data          60  coeappl.o(.constdata)
    aName0x7010                              0x08007d22   Data          62  coeappl.o(.constdata)
    asEntryDesc0x8020                        0x08007d60   Data         126  coeappl.o(.constdata)
    aName0x8020                              0x08007dde   Data         115  coeappl.o(.constdata)
    asEntryDesc0xF000                        0x08007e52   Data          18  coeappl.o(.constdata)
    aName0xF000                              0x08007e64   Data          73  coeappl.o(.constdata)
    asEntryDesc0xF010                        0x08007eae   Data          24  coeappl.o(.constdata)
    aName0xF010                              0x08007ec6   Data          20  coeappl.o(.constdata)
    sEntryDesc0x1000                         0x08007eda   Data           6  coeappl.o(.constdata)
    aName0x1000                              0x08007ee0   Data          12  coeappl.o(.constdata)
    sEntryDesc0x1001                         0x08007eec   Data           6  coeappl.o(.constdata)
    aName0x1001                              0x08007ef2   Data          15  coeappl.o(.constdata)
    sEntryDesc0x1008                         0x08007f02   Data           6  coeappl.o(.constdata)
    aName0x1008                              0x08007f08   Data          12  coeappl.o(.constdata)
    sEntryDesc0x1009                         0x08007f14   Data           6  coeappl.o(.constdata)
    aName0x1009                              0x08007f1a   Data          17  coeappl.o(.constdata)
    sEntryDesc0x100A                         0x08007f2c   Data           6  coeappl.o(.constdata)
    aName0x100A                              0x08007f32   Data          17  coeappl.o(.constdata)
    asEntryDesc0x1018                        0x08007f44   Data          30  coeappl.o(.constdata)
    aName0x1018                              0x08007f62   Data          57  coeappl.o(.constdata)
    asEntryDesc0x10F1                        0x08007f9c   Data          18  coeappl.o(.constdata)
    aName0x10F1                              0x08007fae   Data          63  coeappl.o(.constdata)
    asEntryDesc0x1C00                        0x08007fee   Data          12  coeappl.o(.constdata)
    aName0x1C00                              0x08007ffa   Data          18  coeappl.o(.constdata)
    asEntryDesc0x1C3x                        0x0800800c   Data         198  coeappl.o(.constdata)
    aName0x1C32                              0x080080d2   Data         256  coeappl.o(.constdata)
    aName0x1C33                              0x080081d2   Data         255  coeappl.o(.constdata)
    cBitMask                                 0x080082d2   Data          32  objdef.o(.constdata)
    cAbortCode                               0x080082f4   Data         120  sdoserv.o(.constdata)
    Region$$Table$$Base                      0x0800836c   Number         0  anon$$obj.o(Region$$Table)
    Region$$Table$$Limit                     0x0800838c   Number         0  anon$$obj.o(Region$$Table)
    uhADCxConvertedValue                     0x20000000   Data           2  main.o(.data)
    uwTick                                   0x20000004   Data           4  stm32f4xx_hal.o(.data)
    uwTickPrio                               0x20000008   Data           4  stm32f4xx_hal.o(.data)
    uwTickFreq                               0x2000000c   Data           1  stm32f4xx_hal.o(.data)
    SystemCoreClock                          0x20000010   Data           4  system_stm32f4xx.o(.data)
    sEnum0800_Value00                        0x20000014   Data          24  coeappl.o(.data)
    sEnum0800_Value01                        0x2000002c   Data          26  coeappl.o(.data)
    apEnum0800                               0x20000048   Data           8  coeappl.o(.data)
    ApplicationObjDic                        0x20000050   Data         560  coeappl.o(.data)
    u32Devicetype                            0x20000280   Data           4  coeappl.o(.data)
    u16ErrorRegister                         0x20000284   Data           2  coeappl.o(.data)
    acDevicename                             0x20000286   Data          14  coeappl.o(.data)
    acHardwareversion                        0x20000294   Data           4  coeappl.o(.data)
    acSoftwareversion                        0x20000298   Data           6  coeappl.o(.data)
    sIdentity                                0x200002a0   Data          20  coeappl.o(.data)
    sSyncmanagertype                         0x200002b4   Data           6  coeappl.o(.data)
    ObjDicList                               0x200002bc   Data           4  coeappl.o(.data)
    GenObjDic                                0x200002c0   Data         440  coeappl.o(.data)
    bEcatWaitForInputUpdate                  0x20000478   Data           1  ecatappl.o(.data)
    bEtherCATRunLed                          0x20000479   Data           1  ecatappl.o(.data)
    bEtherCATErrorLed                        0x2000047a   Data           1  ecatappl.o(.data)
    bRunApplication                          0x2000047b   Data           1  ecatappl.o(.data)
    pAPPL_EEPROM_Read                        0x2000047c   Data           4  ecatappl.o(.data)
    pAPPL_EEPROM_Write                       0x20000480   Data           4  ecatappl.o(.data)
    pAPPL_EEPROM_Reload                      0x20000484   Data           4  ecatappl.o(.data)
    u16BusCycleCntMs                         0x20000488   Data           2  ecatappl.o(.data)
    StartTimerCnt                            0x2000048c   Data           4  ecatappl.o(.data)
    bCycleTimeMeasurementStarted             0x20000490   Data           1  ecatappl.o(.data)
    bInitFinished                            0x20000491   Data           1  ecatappl.o(.data)
    pCoeSendStored                           0x2000049c   Data           4  ecatcoe.o(.data)
    bEcatOutputUpdateRunning                 0x200004a0   Data           1  ecatslv.o(.data)
    bEcatInputUpdateRunning                  0x200004a1   Data           1  ecatslv.o(.data)
    bEcatFirstOutputsReceived                0x200004a2   Data           1  ecatslv.o(.data)
    bWdTrigger                               0x200004a3   Data           1  ecatslv.o(.data)
    bDcSyncActive                            0x200004a4   Data           1  ecatslv.o(.data)
    EsmTimeoutCounter                        0x200004a6   Data           2  ecatslv.o(.data)
    bDcRunning                               0x200004a8   Data           1  ecatslv.o(.data)
    u16SmSync0Counter                        0x200004aa   Data           2  ecatslv.o(.data)
    u16SmSync0Value                          0x200004ac   Data           2  ecatslv.o(.data)
    bSmSyncSequenceValid                     0x200004ae   Data           1  ecatslv.o(.data)
    i16WaitForPllRunningTimeout              0x200004b0   Data           2  ecatslv.o(.data)
    i16WaitForPllRunningCnt                  0x200004b2   Data           2  ecatslv.o(.data)
    Sync0WdCounter                           0x200004b4   Data           2  ecatslv.o(.data)
    Sync0WdValue                             0x200004b6   Data           2  ecatslv.o(.data)
    Sync1WdCounter                           0x200004b8   Data           2  ecatslv.o(.data)
    Sync1WdValue                             0x200004ba   Data           2  ecatslv.o(.data)
    LatchInputSync0Value                     0x200004bc   Data           2  ecatslv.o(.data)
    LatchInputSync0Counter                   0x200004be   Data           2  ecatslv.o(.data)
    bEscIntEnabled                           0x200004c0   Data           1  ecatslv.o(.data)
    b3BufferMode                             0x200004c1   Data           1  ecatslv.o(.data)
    bLocalErrorFlag                          0x200004c2   Data           1  ecatslv.o(.data)
    u16LocalErrorCode                        0x200004c4   Data           2  ecatslv.o(.data)
    bApplEsmPending                          0x200004c6   Data           1  ecatslv.o(.data)
    bEcatWaitForAlControlRes                 0x200004c7   Data           1  ecatslv.o(.data)
    nEcatStateTrans                          0x200004c8   Data           2  ecatslv.o(.data)
    u8EcatErrorLed                           0x200004ca   Data           1  ecatslv.o(.data)
    u8EcatRunLed                             0x200004cb   Data           1  ecatslv.o(.data)
    nPdInputSize                             0x200004cc   Data           2  ecatslv.o(.data)
    nPdOutputSize                            0x200004ce   Data           2  ecatslv.o(.data)
    nMaxSyncMan                              0x200004d0   Data           1  ecatslv.o(.data)
    nMaxEscAddress                           0x200004d2   Data           2  ecatslv.o(.data)
    nAlStatus                                0x200004d4   Data           1  ecatslv.o(.data)
    EcatWdValue                              0x200004d6   Data           2  ecatslv.o(.data)
    nEscAddrOutputData                       0x200004d8   Data           2  ecatslv.o(.data)
    nEscAddrInputData                        0x200004da   Data           2  ecatslv.o(.data)
    u16ALEventMask                           0x200004dc   Data           2  ecatslv.o(.data)
    u16dummy                                 0x200004de   Data           2  ecatslv.o(.data)
    SMActivate                               0x200004e0   Data           2  ecatslv.o(.data)
    SyncManInfo                              0x200004e2   Data           8  ecatslv.o(.data)
    EepromLoaded                             0x200004ea   Data           1  ecatslv.o(.data)
    sDORxPDOMap                              0x200004ec   Data          40  el9800appl.o(.data)
    TxPDO1802Subindex0                       0x20000514   Data           2  el9800appl.o(.data)
    sDITxPDOMap                              0x20000518   Data          40  el9800appl.o(.data)
    sAITxPDOMap                              0x20000540   Data          36  el9800appl.o(.data)
    sRxPDOassign                             0x20000564   Data           4  el9800appl.o(.data)
    sTxPDOassign                             0x20000568   Data           6  el9800appl.o(.data)
    sDIInputs                                0x2000056e   Data           4  el9800appl.o(.data)
    sAIInputs                                0x20000572   Data           6  el9800appl.o(.data)
    sDOOutputs                               0x20000578   Data           4  el9800appl.o(.data)
    sAISettings                              0x2000057c   Data          16  el9800appl.o(.data)
    sModulardeviceprofile                    0x2000058c   Data           6  el9800appl.o(.data)
    sModulelist                              0x20000594   Data          16  el9800appl.o(.data)
    EscALEvent                               0x200005a4   Data           2  el9800hw.o(.data)
    SYSruncon                                0x200005a6   Data           2  el9800hw.o(.data)
    bReceiveMbxIsLocked                      0x200005a8   Data           1  mailbox.o(.data)
    bSendMbxIsFull                           0x200005a9   Data           1  mailbox.o(.data)
    bMbxRunning                              0x200005aa   Data           1  mailbox.o(.data)
    bMbxRepeatToggle                         0x200005ab   Data           1  mailbox.o(.data)
    u16SendMbxSize                           0x200005ac   Data           2  mailbox.o(.data)
    u16ReceiveMbxSize                        0x200005ae   Data           2  mailbox.o(.data)
    u16EscAddrReceiveMbx                     0x200005b0   Data           2  mailbox.o(.data)
    u16EscAddrSendMbx                        0x200005b2   Data           2  mailbox.o(.data)
    u8MbxWriteCounter                        0x200005b4   Data           1  mailbox.o(.data)
    u8MbxReadCounter                         0x200005b5   Data           1  mailbox.o(.data)
    u8MailboxSendReqStored                   0x200005b6   Data           1  mailbox.o(.data)
    psWriteMbx                               0x200005b8   Data           4  mailbox.o(.data)
    psReadMbx                                0x200005bc   Data           4  mailbox.o(.data)
    psRepeatMbx                              0x200005c0   Data           4  mailbox.o(.data)
    psStoreMbx                               0x200005c4   Data           4  mailbox.o(.data)
    bNoMbxMemoryAvailable                    0x200005c8   Data           1  mailbox.o(.data)
    bSyncSetByUser                           0x200005cc   Data           1  objdef.o(.data)
    sCycleDiag                               0x200005ce   Data           2  objdef.o(.data)
    sErrorSettings                           0x200005d0   Data          12  objdef.o(.data)
    aSubindexDesc                            0x200005dc   Data          13  objdef.o(.data)
    u8PendingSdo                             0x200005ec   Data           1  sdoserv.o(.data)
    bStoreCompleteAccess                     0x200005ed   Data           1  sdoserv.o(.data)
    u8StoreSubindex                          0x200005ee   Data           1  sdoserv.o(.data)
    u16StoreIndex                            0x200005f0   Data           2  sdoserv.o(.data)
    u32StoreDataSize                         0x200005f4   Data           4  sdoserv.o(.data)
    pStoreData                               0x200005f8   Data           4  sdoserv.o(.data)
    pSdoPendFunc                             0x200005fc   Data           4  sdoserv.o(.data)
    pSdoSegData                              0x20000600   Data           4  sdoserv.o(.data)
    nSdoInfoFragmentsLeft                    0x20000604   Data           2  sdoserv.o(.data)
    nSdoInfoIndex                            0x20000606   Data           2  sdoserv.o(.data)
    pSdoInfoObjEntry                         0x20000608   Data           4  sdoserv.o(.data)
    pSdoResStored                            0x2000060c   Data           4  sdoserv.o(.data)
    bSdoInWork                               0x20000610   Data           1  sdoserv.o(.data)
    nSdoSegService                           0x20000611   Data           1  sdoserv.o(.data)
    bSdoSegFollows                           0x20000612   Data           1  sdoserv.o(.data)
    bSdoSegAccess                            0x20000613   Data           1  sdoserv.o(.data)
    nSdoSegIndex                             0x20000614   Data           2  sdoserv.o(.data)
    nSdoSegSubindex                          0x20000616   Data           1  sdoserv.o(.data)
    nSdoSegBytesToHandle                     0x20000618   Data           4  sdoserv.o(.data)
    bSdoSegLastToggle                        0x2000061c   Data           1  sdoserv.o(.data)
    nSdoSegCompleteSize                      0x20000620   Data           4  sdoserv.o(.data)
    pSdoSegObjEntry                          0x20000624   Data           4  sdoserv.o(.data)
    hadc1                                    0x20000628   Data          72  adc.o(.bss)
    hdma_adc1                                0x20000670   Data          96  adc.o(.bss)
    hspi2                                    0x200006d0   Data          88  spi.o(.bss)
    htim2                                    0x20000728   Data          72  tim.o(.bss)
    aPdOutputData                            0x20000770   Data          68  ecatappl.o(.bss)
    aPdInputData                             0x200007b4   Data          68  ecatappl.o(.bss)
    asMbx                                    0x200007f8   Data         512  mailbox.o(.bss)
    sMbxSendQueue                            0x200009f8   Data          52  mailbox.o(.bss)
    sMbxReceiveQueue                         0x20000a2c   Data          52  mailbox.o(.bss)
    sSyncManOutPar                           0x20000a60   Data          68  objdef.o(.bss)
    sSyncManInPar                            0x20000aa4   Data          68  objdef.o(.bss)
    aSdoInfoHeader                           0x20000ae8   Data          14  sdoserv.o(.bss)
    __libspace_start                         0x20000af8   Data          96  libspace.o(.bss)
    __temporary_stack_top$libspace           0x20000b58   Data           0  libspace.o(.bss)



==============================================================================

Memory Map of the image

  Image Entry point : 0x08000189

  Load Region LR_IROM1 (Base: 0x08000000, Size: 0x000089b4, Max: 0x00100000, ABSOLUTE, COMPRESSED[0x000085f0])

    Execution Region ER_IROM1 (Exec base: 0x08000000, Load base: 0x08000000, Size: 0x0000838c, Max: 0x00100000, ABSOLUTE)

    Exec Addr    Load Addr    Size         Type   Attr      Idx    E Section Name        Object

    0x08000000   0x08000000   0x00000188   Data   RO            3    RESET               startup_stm32f405xx.o
    0x08000188   0x08000188   0x00000008   Code   RO         4277  * !!!main             c_w.l(__main.o)
    0x08000190   0x08000190   0x00000034   Code   RO         4492    !!!scatter          c_w.l(__scatter.o)
    0x080001c4   0x080001c4   0x0000005a   Code   RO         4490    !!dczerorl2         c_w.l(__dczerorl2.o)
    0x0800021e   0x0800021e   0x00000002   PAD
    0x08000220   0x08000220   0x0000001c   Code   RO         4494    !!handler_zi        c_w.l(__scatter_zi.o)
    0x0800023c   0x0800023c   0x00000002   Code   RO         4429    .ARM.Collect$$libinit$$00000000  c_w.l(libinit.o)
    0x0800023e   0x0800023e   0x00000004   Code   RO         4315    .ARM.Collect$$libinit$$00000001  c_w.l(libinit2.o)
    0x08000242   0x08000242   0x00000000   Code   RO         4318    .ARM.Collect$$libinit$$00000004  c_w.l(libinit2.o)
    0x08000242   0x08000242   0x00000008   Code   RO         4319    .ARM.Collect$$libinit$$00000005  c_w.l(libinit2.o)
    0x0800024a   0x0800024a   0x00000000   Code   RO         4321    .ARM.Collect$$libinit$$0000000A  c_w.l(libinit2.o)
    0x0800024a   0x0800024a   0x00000000   Code   RO         4323    .ARM.Collect$$libinit$$0000000C  c_w.l(libinit2.o)
    0x0800024a   0x0800024a   0x00000000   Code   RO         4325    .ARM.Collect$$libinit$$0000000E  c_w.l(libinit2.o)
    0x0800024a   0x0800024a   0x00000000   Code   RO         4328    .ARM.Collect$$libinit$$00000011  c_w.l(libinit2.o)
    0x0800024a   0x0800024a   0x00000000   Code   RO         4330    .ARM.Collect$$libinit$$00000013  c_w.l(libinit2.o)
    0x0800024a   0x0800024a   0x00000000   Code   RO         4332    .ARM.Collect$$libinit$$00000015  c_w.l(libinit2.o)
    0x0800024a   0x0800024a   0x00000000   Code   RO         4334    .ARM.Collect$$libinit$$00000017  c_w.l(libinit2.o)
    0x0800024a   0x0800024a   0x00000000   Code   RO         4336    .ARM.Collect$$libinit$$00000019  c_w.l(libinit2.o)
    0x0800024a   0x0800024a   0x00000000   Code   RO         4338    .ARM.Collect$$libinit$$0000001B  c_w.l(libinit2.o)
    0x0800024a   0x0800024a   0x00000000   Code   RO         4340    .ARM.Collect$$libinit$$0000001D  c_w.l(libinit2.o)
    0x0800024a   0x0800024a   0x00000000   Code   RO         4342    .ARM.Collect$$libinit$$0000001F  c_w.l(libinit2.o)
    0x0800024a   0x0800024a   0x00000000   Code   RO         4344    .ARM.Collect$$libinit$$00000021  c_w.l(libinit2.o)
    0x0800024a   0x0800024a   0x00000000   Code   RO         4346    .ARM.Collect$$libinit$$00000023  c_w.l(libinit2.o)
    0x0800024a   0x0800024a   0x00000000   Code   RO         4348    .ARM.Collect$$libinit$$00000025  c_w.l(libinit2.o)
    0x0800024a   0x0800024a   0x00000000   Code   RO         4352    .ARM.Collect$$libinit$$0000002C  c_w.l(libinit2.o)
    0x0800024a   0x0800024a   0x00000000   Code   RO         4354    .ARM.Collect$$libinit$$0000002E  c_w.l(libinit2.o)
    0x0800024a   0x0800024a   0x00000000   Code   RO         4356    .ARM.Collect$$libinit$$00000030  c_w.l(libinit2.o)
    0x0800024a   0x0800024a   0x00000000   Code   RO         4358    .ARM.Collect$$libinit$$00000032  c_w.l(libinit2.o)
    0x0800024a   0x0800024a   0x00000002   Code   RO         4359    .ARM.Collect$$libinit$$00000033  c_w.l(libinit2.o)
    0x0800024c   0x0800024c   0x00000002   Code   RO         4487    .ARM.Collect$$libshutdown$$00000000  c_w.l(libshutdown.o)
    0x0800024e   0x0800024e   0x00000000   Code   RO         4445    .ARM.Collect$$libshutdown$$00000002  c_w.l(libshutdown2.o)
    0x0800024e   0x0800024e   0x00000000   Code   RO         4447    .ARM.Collect$$libshutdown$$00000004  c_w.l(libshutdown2.o)
    0x0800024e   0x0800024e   0x00000000   Code   RO         4450    .ARM.Collect$$libshutdown$$00000007  c_w.l(libshutdown2.o)
    0x0800024e   0x0800024e   0x00000000   Code   RO         4453    .ARM.Collect$$libshutdown$$0000000A  c_w.l(libshutdown2.o)
    0x0800024e   0x0800024e   0x00000000   Code   RO         4455    .ARM.Collect$$libshutdown$$0000000C  c_w.l(libshutdown2.o)
    0x0800024e   0x0800024e   0x00000000   Code   RO         4458    .ARM.Collect$$libshutdown$$0000000F  c_w.l(libshutdown2.o)
    0x0800024e   0x0800024e   0x00000002   Code   RO         4459    .ARM.Collect$$libshutdown$$00000010  c_w.l(libshutdown2.o)
    0x08000250   0x08000250   0x00000000   Code   RO         4281    .ARM.Collect$$rtentry$$00000000  c_w.l(__rtentry.o)
    0x08000250   0x08000250   0x00000000   Code   RO         4366    .ARM.Collect$$rtentry$$00000002  c_w.l(__rtentry2.o)
    0x08000250   0x08000250   0x00000006   Code   RO         4378    .ARM.Collect$$rtentry$$00000004  c_w.l(__rtentry4.o)
    0x08000256   0x08000256   0x00000000   Code   RO         4368    .ARM.Collect$$rtentry$$00000009  c_w.l(__rtentry2.o)
    0x08000256   0x08000256   0x00000004   Code   RO         4369    .ARM.Collect$$rtentry$$0000000A  c_w.l(__rtentry2.o)
    0x0800025a   0x0800025a   0x00000000   Code   RO         4371    .ARM.Collect$$rtentry$$0000000C  c_w.l(__rtentry2.o)
    0x0800025a   0x0800025a   0x00000008   Code   RO         4372    .ARM.Collect$$rtentry$$0000000D  c_w.l(__rtentry2.o)
    0x08000262   0x08000262   0x00000002   Code   RO         4432    .ARM.Collect$$rtexit$$00000000  c_w.l(rtexit.o)
    0x08000264   0x08000264   0x00000000   Code   RO         4463    .ARM.Collect$$rtexit$$00000002  c_w.l(rtexit2.o)
    0x08000264   0x08000264   0x00000004   Code   RO         4464    .ARM.Collect$$rtexit$$00000003  c_w.l(rtexit2.o)
    0x08000268   0x08000268   0x00000006   Code   RO         4465    .ARM.Collect$$rtexit$$00000004  c_w.l(rtexit2.o)
    0x0800026e   0x0800026e   0x00000002   PAD
    0x08000270   0x08000270   0x00000000   Code   RO         4384    .emb_text           c_w.l(maybetermalloc1.o)
    0x08000270   0x08000270   0x00000040   Code   RO            4    .text               startup_stm32f405xx.o
    0x080002b0   0x080002b0   0x0000005e   Code   RO         4207    .text               c_w.l(h1_alloc.o)
    0x0800030e   0x0800030e   0x0000004e   Code   RO         4209    .text               c_w.l(h1_free.o)
    0x0800035c   0x0800035c   0x000000ee   Code   RO         4265    .text               c_w.l(lludivv7m.o)
    0x0800044a   0x0800044a   0x0000003e   Code   RO         4267    .text               c_w.l(strlen.o)
    0x08000488   0x08000488   0x0000008a   Code   RO         4269    .text               c_w.l(rt_memcpy_v6.o)
    0x08000512   0x08000512   0x00000044   Code   RO         4271    .text               c_w.l(rt_memclr.o)
    0x08000556   0x08000556   0x0000004e   Code   RO         4273    .text               c_w.l(rt_memclr_w.o)
    0x080005a4   0x080005a4   0x00000006   Code   RO         4275    .text               c_w.l(heapauxi.o)
    0x080005aa   0x080005aa   0x00000002   PAD
    0x080005ac   0x080005ac   0x00000008   Code   RO         4289    .text               c_w.l(rt_heap_descriptor_intlibspace.o)
    0x080005b4   0x080005b4   0x00000004   Code   RO         4291    .text               c_w.l(hguard.o)
    0x080005b8   0x080005b8   0x0000008a   Code   RO         4293    .text               c_w.l(init_alloc.o)
    0x08000642   0x08000642   0x0000000e   Code   RO         4297    .text               c_w.l(h1_init.o)
    0x08000650   0x08000650   0x00000064   Code   RO         4311    .text               c_w.l(rt_memcpy_w.o)
    0x080006b4   0x080006b4   0x00000008   Code   RO         4362    .text               c_w.l(libspace.o)
    0x080006bc   0x080006bc   0x00000034   Code   RO         4386    .text               c_w.l(h1_extend.o)
    0x080006f0   0x080006f0   0x0000000e   Code   RO         4390    .text               c_w.l(defsig_rtmem_outer.o)
    0x080006fe   0x080006fe   0x00000002   Code   RO         4401    .text               c_w.l(use_no_semi.o)
    0x08000700   0x08000700   0x00000000   Code   RO         4403    .text               c_w.l(indicate_semi.o)
    0x08000700   0x08000700   0x0000004a   Code   RO         4404    .text               c_w.l(sys_stackheap_outer.o)
    0x0800074a   0x0800074a   0x00000012   Code   RO         4410    .text               c_w.l(exit.o)
    0x0800075c   0x0800075c   0x0000000a   Code   RO         4412    .text               c_w.l(defsig_exit.o)
    0x08000766   0x08000766   0x00000002   PAD
    0x08000768   0x08000768   0x00000050   Code   RO         4418    .text               c_w.l(defsig_rtmem_inner.o)
    0x080007b8   0x080007b8   0x0000000c   Code   RO         4430    .text               c_w.l(sys_exit.o)
    0x080007c4   0x080007c4   0x00000032   Code   RO         4440    .text               c_w.l(defsig_general.o)
    0x080007f6   0x080007f6   0x0000000e   Code   RO         4460    .text               c_w.l(sys_wrch.o)
    0x08000804   0x08000804   0x0000007e   Code   RO          473    i.ADC_DMAConvCplt   stm32f4xx_hal_adc.o
    0x08000882   0x08000882   0x0000001a   Code   RO          474    i.ADC_DMAError      stm32f4xx_hal_adc.o
    0x0800089c   0x0800089c   0x0000000e   Code   RO          475    i.ADC_DMAHalfConvCplt  stm32f4xx_hal_adc.o
    0x080008aa   0x080008aa   0x00000002   PAD
    0x080008ac   0x080008ac   0x00000160   Code   RO          476    i.ADC_Init          stm32f4xx_hal_adc.o
    0x08000a0c   0x08000a0c   0x00000458   Code   RO         3528    i.AL_ControlInd     ecatslv.o
    0x08000e64   0x08000e64   0x00000218   Code   RO         3529    i.AL_ControlRes     ecatslv.o
    0x0800107c   0x0800107c   0x00000002   Code   RO         3692    i.APPL_AckErrorInd  el9800appl.o
    0x0800107e   0x0800107e   0x00000002   PAD
    0x08001080   0x08001080   0x000001a8   Code   RO         3693    i.APPL_Application  el9800appl.o
    0x08001228   0x08001228   0x000000f4   Code   RO         3694    i.APPL_GenerateMapping  el9800appl.o
    0x0800131c   0x0800131c   0x0000005c   Code   RO         3695    i.APPL_InputMapping  el9800appl.o
    0x08001378   0x08001378   0x00000040   Code   RO         3696    i.APPL_OutputMapping  el9800appl.o
    0x080013b8   0x080013b8   0x00000006   Code   RO         3697    i.APPL_StartInputHandler  el9800appl.o
    0x080013be   0x080013be   0x00000004   Code   RO         3698    i.APPL_StartMailboxHandler  el9800appl.o
    0x080013c2   0x080013c2   0x00000004   Code   RO         3699    i.APPL_StartOutputHandler  el9800appl.o
    0x080013c6   0x080013c6   0x00000004   Code   RO         3700    i.APPL_StopInputHandler  el9800appl.o
    0x080013ca   0x080013ca   0x00000004   Code   RO         3701    i.APPL_StopMailboxHandler  el9800appl.o
    0x080013ce   0x080013ce   0x00000002   PAD
    0x080013d0   0x080013d0   0x000000ec   Code   RO         3702    i.APPL_StopOutputHandler  el9800appl.o
    0x080014bc   0x080014bc   0x00000028   Code   RO         3276    i.AddObjectsToObjDictionary  coeappl.o
    0x080014e4   0x080014e4   0x0000003c   Code   RO         3802    i.AddressingEsc     el9800hw.o
    0x08001520   0x08001520   0x0000000c   Code   RO         3530    i.BackToInitTransition  ecatslv.o
    0x0800152c   0x0800152c   0x00000004   Code   RO          367    i.BusFault_Handler  stm32f4xx_it.o
    0x08001530   0x08001530   0x00000090   Code   RO         3277    i.COE_AddObjectToDic  coeappl.o
    0x080015c0   0x080015c0   0x00000024   Code   RO         3278    i.COE_ClearObjDictionary  coeappl.o
    0x080015e4   0x080015e4   0x00000048   Code   RO         3491    i.COE_ContinueInd   ecatcoe.o
    0x0800162c   0x0800162c   0x0000000c   Code   RO         3279    i.COE_GetObjectDictionary  coeappl.o
    0x08001638   0x08001638   0x00000014   Code   RO         3492    i.COE_Init          ecatcoe.o
    0x0800164c   0x0800164c   0x000000bc   Code   RO         3280    i.COE_Main          coeappl.o
    0x08001708   0x08001708   0x00000030   Code   RO         3281    i.COE_ObjDictionaryInit  coeappl.o
    0x08001738   0x08001738   0x000000b4   Code   RO         3282    i.COE_ObjInit       coeappl.o
    0x080017ec   0x080017ec   0x00000044   Code   RO         3283    i.COE_RemoveDicEntry  coeappl.o
    0x08001830   0x08001830   0x00000048   Code   RO         3493    i.COE_ServiceInd    ecatcoe.o
    0x08001878   0x08001878   0x00000094   Code   RO         3531    i.CheckIfEcatError  ecatslv.o
    0x0800190c   0x0800190c   0x000002e8   Code   RO         3532    i.CheckSmSettings   ecatslv.o
    0x08001bf4   0x08001bf4   0x00000104   Code   RO         4040    i.CheckSyncTypeValue  objdef.o
    0x08001cf8   0x08001cf8   0x000000fc   Code   RO         3533    i.DC_CheckWatchdog  ecatslv.o
    0x08001df4   0x08001df4   0x00000010   Code   RO          368    i.DMA2_Stream0_IRQHandler  stm32f4xx_it.o
    0x08001e04   0x08001e04   0x00000034   Code   RO         1255    i.DMA_CalcBaseAndBitshift  stm32f4xx_hal_dma.o
    0x08001e38   0x08001e38   0x000000aa   Code   RO         1256    i.DMA_CheckFifoParam  stm32f4xx_hal_dma.o
    0x08001ee2   0x08001ee2   0x0000002c   Code   RO         1257    i.DMA_SetConfig     stm32f4xx_hal_dma.o
    0x08001f0e   0x08001f0e   0x00000002   Code   RO          369    i.DebugMon_Handler  stm32f4xx_it.o
    0x08001f10   0x08001f10   0x00000034   Code   RO         3534    i.DisableSyncManChannel  ecatslv.o
    0x08001f44   0x08001f44   0x00000008   Code   RO         3388    i.ECAT_Application  ecatappl.o
    0x08001f4c   0x08001f4c   0x00000048   Code   RO         3389    i.ECAT_CheckTimer   ecatappl.o
    0x08001f94   0x08001f94   0x00000124   Code   RO         3535    i.ECAT_Init         ecatslv.o
    0x080020b8   0x080020b8   0x0000015c   Code   RO         3536    i.ECAT_Main         ecatslv.o
    0x08002214   0x08002214   0x00000274   Code   RO         3390    i.ECAT_SetLedIndication  ecatappl.o
    0x08002488   0x08002488   0x0000002c   Code   RO         3703    i.ECT_main          el9800appl.o
    0x080024b4   0x080024b4   0x00000018   Code   RO         3803    i.EXTI0_IRQHandler  el9800hw.o
    0x080024cc   0x080024cc   0x00000018   Code   RO         3804    i.EXTI1_IRQHandler  el9800hw.o
    0x080024e4   0x080024e4   0x0000001c   Code   RO         3805    i.EXTI9_5_IRQHandler  el9800hw.o
    0x08002500   0x08002500   0x00000032   Code   RO         3538    i.EnableSyncManChannel  ecatslv.o
    0x08002532   0x08002532   0x00000006   Code   RO           13    i.Error_Handler     main.o
    0x08002538   0x08002538   0x0000003c   Code   RO         3806    i.GetInterruptRegister  el9800hw.o
    0x08002574   0x08002574   0x0000002e   Code   RO         3932    i.GetOutOfMbxQueue  mailbox.o
    0x080025a2   0x080025a2   0x00000002   PAD
    0x080025a4   0x080025a4   0x0000001c   Code   RO         3539    i.GetSyncMan        ecatslv.o
    0x080025c0   0x080025c0   0x0000018c   Code   RO          478    i.HAL_ADC_ConfigChannel  stm32f4xx_hal_adc.o
    0x0800274c   0x0800274c   0x00000002   Code   RO          479    i.HAL_ADC_ConvCpltCallback  stm32f4xx_hal_adc.o
    0x0800274e   0x0800274e   0x00000002   Code   RO          480    i.HAL_ADC_ConvHalfCpltCallback  stm32f4xx_hal_adc.o
    0x08002750   0x08002750   0x00000002   Code   RO          482    i.HAL_ADC_ErrorCallback  stm32f4xx_hal_adc.o
    0x08002752   0x08002752   0x00000002   PAD
    0x08002754   0x08002754   0x00000068   Code   RO          487    i.HAL_ADC_Init      stm32f4xx_hal_adc.o
    0x080027bc   0x080027bc   0x000000c8   Code   RO          218    i.HAL_ADC_MspInit   adc.o
    0x08002884   0x08002884   0x000001b4   Code   RO          494    i.HAL_ADC_Start_DMA  stm32f4xx_hal_adc.o
    0x08002a38   0x08002a38   0x00000240   Code   RO         1263    i.HAL_DMA_IRQHandler  stm32f4xx_hal_dma.o
    0x08002c78   0x08002c78   0x000000ec   Code   RO         1264    i.HAL_DMA_Init      stm32f4xx_hal_dma.o
    0x08002d64   0x08002d64   0x00000092   Code   RO         1268    i.HAL_DMA_Start_IT  stm32f4xx_hal_dma.o
    0x08002df6   0x08002df6   0x00000002   Code   RO         1149    i.HAL_GPIO_EXTI_Callback  stm32f4xx_hal_gpio.o
    0x08002df8   0x08002df8   0x0000001c   Code   RO         1150    i.HAL_GPIO_EXTI_IRQHandler  stm32f4xx_hal_gpio.o
    0x08002e14   0x08002e14   0x000001f4   Code   RO         1151    i.HAL_GPIO_Init     stm32f4xx_hal_gpio.o
    0x08003008   0x08003008   0x00000010   Code   RO         1153    i.HAL_GPIO_ReadPin  stm32f4xx_hal_gpio.o
    0x08003018   0x08003018   0x0000000c   Code   RO         1155    i.HAL_GPIO_WritePin  stm32f4xx_hal_gpio.o
    0x08003024   0x08003024   0x0000000c   Code   RO         1688    i.HAL_GetTick       stm32f4xx_hal.o
    0x08003030   0x08003030   0x00000018   Code   RO         1694    i.HAL_IncTick       stm32f4xx_hal.o
    0x08003048   0x08003048   0x0000003c   Code   RO         1695    i.HAL_Init          stm32f4xx_hal.o
    0x08003084   0x08003084   0x0000004c   Code   RO         1696    i.HAL_InitTick      stm32f4xx_hal.o
    0x080030d0   0x080030d0   0x00000050   Code   RO          449    i.HAL_MspInit       stm32f4xx_hal_msp.o
    0x08003120   0x08003120   0x00000044   Code   RO         1539    i.HAL_NVIC_DisableIRQ  stm32f4xx_hal_cortex.o
    0x08003164   0x08003164   0x00000020   Code   RO         1540    i.HAL_NVIC_EnableIRQ  stm32f4xx_hal_cortex.o
    0x08003184   0x08003184   0x0000007c   Code   RO         1546    i.HAL_NVIC_SetPriority  stm32f4xx_hal_cortex.o
    0x08003200   0x08003200   0x00000028   Code   RO         1547    i.HAL_NVIC_SetPriorityGrouping  stm32f4xx_hal_cortex.o
    0x08003228   0x08003228   0x00000184   Code   RO          752    i.HAL_RCC_ClockConfig  stm32f4xx_hal_rcc.o
    0x080033ac   0x080033ac   0x000000b0   Code   RO          761    i.HAL_RCC_GetSysClockFreq  stm32f4xx_hal_rcc.o
    0x0800345c   0x0800345c   0x0000049c   Code   RO          764    i.HAL_RCC_OscConfig  stm32f4xx_hal_rcc.o
    0x080038f8   0x080038f8   0x000000c8   Code   RO         1944    i.HAL_SPI_Init      stm32f4xx_hal_spi.o
    0x080039c0   0x080039c0   0x000000c8   Code   RO          284    i.HAL_SPI_MspInit   spi.o
    0x08003a88   0x08003a88   0x0000022a   Code   RO         1953    i.HAL_SPI_TransmitReceive  stm32f4xx_hal_spi.o
    0x08003cb2   0x08003cb2   0x00000034   Code   RO         1551    i.HAL_SYSTICK_Config  stm32f4xx_hal_cortex.o
    0x08003ce6   0x08003ce6   0x00000002   Code   RO         2972    i.HAL_TIMEx_BreakCallback  stm32f4xx_hal_tim_ex.o
    0x08003ce8   0x08003ce8   0x00000002   Code   RO         2973    i.HAL_TIMEx_CommutCallback  stm32f4xx_hal_tim_ex.o
    0x08003cea   0x08003cea   0x00000002   PAD
    0x08003cec   0x08003cec   0x000000b4   Code   RO         2991    i.HAL_TIMEx_MasterConfigSynchronization  stm32f4xx_hal_tim_ex.o
    0x08003da0   0x08003da0   0x00000066   Code   RO         2257    i.HAL_TIM_Base_Init  stm32f4xx_hal_tim.o
    0x08003e06   0x08003e06   0x00000002   PAD
    0x08003e08   0x08003e08   0x00000044   Code   RO          326    i.HAL_TIM_Base_MspInit  tim.o
    0x08003e4c   0x08003e4c   0x000000a8   Code   RO         2262    i.HAL_TIM_Base_Start_IT  stm32f4xx_hal_tim.o
    0x08003ef4   0x08003ef4   0x0000010c   Code   RO         2266    i.HAL_TIM_ConfigClockSource  stm32f4xx_hal_tim.o
    0x08004000   0x08004000   0x00000002   Code   RO         2291    i.HAL_TIM_IC_CaptureCallback  stm32f4xx_hal_tim.o
    0x08004002   0x08004002   0x00000196   Code   RO         2305    i.HAL_TIM_IRQHandler  stm32f4xx_hal_tim.o
    0x08004198   0x08004198   0x00000002   Code   RO         2308    i.HAL_TIM_OC_DelayElapsedCallback  stm32f4xx_hal_tim.o
    0x0800419a   0x0800419a   0x00000002   Code   RO         2335    i.HAL_TIM_PWM_PulseFinishedCallback  stm32f4xx_hal_tim.o
    0x0800419c   0x0800419c   0x00000002   Code   RO         2343    i.HAL_TIM_PeriodElapsedCallback  stm32f4xx_hal_tim.o
    0x0800419e   0x0800419e   0x00000002   Code   RO         2348    i.HAL_TIM_TriggerCallback  stm32f4xx_hal_tim.o
    0x080041a0   0x080041a0   0x00000058   Code   RO         3807    i.HW_EscRead        el9800hw.o
    0x080041f8   0x080041f8   0x00000050   Code   RO         3808    i.HW_EscReadIsr     el9800hw.o
    0x08004248   0x08004248   0x00000054   Code   RO         3809    i.HW_EscWrite       el9800hw.o
    0x0800429c   0x0800429c   0x00000044   Code   RO         3810    i.HW_EscWriteIsr    el9800hw.o
    0x080042e0   0x080042e0   0x00000010   Code   RO         3811    i.HW_GetALEventRegister  el9800hw.o
    0x080042f0   0x080042f0   0x00000010   Code   RO         3812    i.HW_GetALEventRegister_Isr  el9800hw.o
    0x08004300   0x08004300   0x00000078   Code   RO         3813    i.HW_Init           el9800hw.o
    0x08004378   0x08004378   0x00000002   Code   RO         3814    i.HW_Release        el9800hw.o
    0x0800437a   0x0800437a   0x00000002   Code   RO         3815    i.HW_SetLed         el9800hw.o
    0x0800437c   0x0800437c   0x000000ac   Code   RO         3391    i.HandleBusCycleCalculation  ecatappl.o
    0x08004428   0x08004428   0x00000004   Code   RO          370    i.HardFault_Handler  stm32f4xx_it.o
    0x0800442c   0x0800442c   0x00000038   Code   RO         3816    i.ISR_GetInterruptRegister  el9800hw.o
    0x08004464   0x08004464   0x0000011c   Code   RO         3933    i.MBX_CheckAndCopyMailbox  mailbox.o
    0x08004580   0x08004580   0x000000e0   Code   RO         3934    i.MBX_CopyToSendMailbox  mailbox.o
    0x08004660   0x08004660   0x000000cc   Code   RO         3935    i.MBX_Init          mailbox.o
    0x0800472c   0x0800472c   0x000000a8   Code   RO         3936    i.MBX_MailboxReadInd  mailbox.o
    0x080047d4   0x080047d4   0x00000068   Code   RO         3937    i.MBX_MailboxRepeatReq  mailbox.o
    0x0800483c   0x0800483c   0x00000094   Code   RO         3938    i.MBX_MailboxSendReq  mailbox.o
    0x080048d0   0x080048d0   0x0000007c   Code   RO         3939    i.MBX_MailboxWriteInd  mailbox.o
    0x0800494c   0x0800494c   0x00000050   Code   RO         3940    i.MBX_Main          mailbox.o
    0x0800499c   0x0800499c   0x000000c0   Code   RO         3941    i.MBX_StartMailboxHandler  mailbox.o
    0x08004a5c   0x08004a5c   0x00000110   Code   RO         3942    i.MBX_StopMailboxHandler  mailbox.o
    0x08004b6c   0x08004b6c   0x00000070   Code   RO          219    i.MX_ADC1_Init      adc.o
    0x08004bdc   0x08004bdc   0x00000038   Code   RO          259    i.MX_DMA_Init       dma.o
    0x08004c14   0x08004c14   0x00000174   Code   RO          193    i.MX_GPIO_Init      gpio.o
    0x08004d88   0x08004d88   0x00000044   Code   RO          285    i.MX_SPI2_Init      spi.o
    0x08004dcc   0x08004dcc   0x0000006c   Code   RO          327    i.MX_TIM2_Init      tim.o
    0x08004e38   0x08004e38   0x00000022   Code   RO         3943    i.MailboxServiceInd  mailbox.o
    0x08004e5a   0x08004e5a   0x00000002   PAD
    0x08004e5c   0x08004e5c   0x00000034   Code   RO         3392    i.MainInit          ecatappl.o
    0x08004e90   0x08004e90   0x000000b4   Code   RO         3393    i.MainLoop          ecatappl.o
    0x08004f44   0x08004f44   0x00000004   Code   RO          371    i.MemManage_Handler  stm32f4xx_it.o
    0x08004f48   0x08004f48   0x00000004   Code   RO          372    i.NMI_Handler       stm32f4xx_it.o
    0x08004f4c   0x08004f4c   0x0000003c   Code   RO         4041    i.OBJ_CopyNumberToString  objdef.o
    0x08004f88   0x08004f88   0x000000cc   Code   RO         4042    i.OBJ_GetDesc       objdef.o
    0x08005054   0x08005054   0x00000026   Code   RO         4043    i.OBJ_GetEntryDesc  objdef.o
    0x0800507a   0x0800507a   0x00000106   Code   RO         4044    i.OBJ_GetEntryOffset  objdef.o
    0x08005180   0x08005180   0x00000064   Code   RO         4045    i.OBJ_GetNoOfObjects  objdef.o
    0x080051e4   0x080051e4   0x00000008   Code   RO         4046    i.OBJ_GetObjDesc    objdef.o
    0x080051ec   0x080051ec   0x00000020   Code   RO         4047    i.OBJ_GetObjectHandle  objdef.o
    0x0800520c   0x0800520c   0x00000096   Code   RO         4048    i.OBJ_GetObjectLength  objdef.o
    0x080052a2   0x080052a2   0x00000002   PAD
    0x080052a4   0x080052a4   0x000000bc   Code   RO         4049    i.OBJ_GetObjectList  objdef.o
    0x08005360   0x08005360   0x00000478   Code   RO         4050    i.OBJ_Read          objdef.o
    0x080057d8   0x080057d8   0x000004be   Code   RO         4051    i.OBJ_Write         objdef.o
    0x08005c96   0x08005c96   0x00000002   PAD
    0x08005c98   0x08005c98   0x00000120   Code   RO         3394    i.PDI_Isr           ecatappl.o
    0x08005db8   0x08005db8   0x00000028   Code   RO         3395    i.PDO_InputMapping  ecatappl.o
    0x08005de0   0x08005de0   0x00000024   Code   RO         3396    i.PDO_OutputMapping  ecatappl.o
    0x08005e04   0x08005e04   0x00000002   Code   RO          373    i.PendSV_Handler    stm32f4xx_it.o
    0x08005e06   0x08005e06   0x0000002c   Code   RO         3944    i.PutInMbxQueue     mailbox.o
    0x08005e32   0x08005e32   0x00000002   PAD
    0x08005e34   0x08005e34   0x0000006c   Code   RO         3704    i.ReadObject0x1802  el9800appl.o
    0x08005ea0   0x08005ea0   0x00000032   Code   RO         3540    i.ResetALEventMask  ecatslv.o
    0x08005ed2   0x08005ed2   0x00000002   PAD
    0x08005ed4   0x08005ed4   0x00000024   Code   RO         3817    i.RxTxSpiData       el9800hw.o
    0x08005ef8   0x08005ef8   0x00000448   Code   RO         4139    i.SDOS_SdoInd       sdoserv.o
    0x08006340   0x08006340   0x000002e4   Code   RO         4140    i.SDOS_SdoInfoInd   sdoserv.o
    0x08006624   0x08006624   0x000000ec   Code   RO         4141    i.SDOS_SdoRes       sdoserv.o
    0x08006710   0x08006710   0x0000006c   Code   RO         1982    i.SPI_EndRxTxTransaction  stm32f4xx_hal_spi.o
    0x0800677c   0x0800677c   0x000000d8   Code   RO         1987    i.SPI_WaitFlagStateUntilTimeout  stm32f4xx_hal_spi.o
    0x08006854   0x08006854   0x00000002   Code   RO          374    i.SVC_Handler       stm32f4xx_it.o
    0x08006856   0x08006856   0x00000002   PAD
    0x08006858   0x08006858   0x000002a4   Code   RO         4142    i.SdoDownloadSegmentInd  sdoserv.o
    0x08006afc   0x08006afc   0x000000dc   Code   RO         4143    i.SdoRes            sdoserv.o
    0x08006bd8   0x08006bd8   0x000001a0   Code   RO         4144    i.SdoUploadSegmentInd  sdoserv.o
    0x08006d78   0x08006d78   0x00000032   Code   RO         3541    i.SetALEventMask    ecatslv.o
    0x08006daa   0x08006daa   0x00000002   PAD
    0x08006dac   0x08006dac   0x00000088   Code   RO         3542    i.SetALStatus       ecatslv.o
    0x08006e34   0x08006e34   0x0000060c   Code   RO         3543    i.StartInputHandler  ecatslv.o
    0x08007440   0x08007440   0x00000038   Code   RO         3544    i.StartOutputHandler  ecatslv.o
    0x08007478   0x08007478   0x000000d0   Code   RO         3545    i.StopInputHandler  ecatslv.o
    0x08007548   0x08007548   0x00000014   Code   RO         3546    i.StopOutputHandler  ecatslv.o
    0x0800755c   0x0800755c   0x00000130   Code   RO         3397    i.Sync0_Isr         ecatappl.o
    0x0800768c   0x0800768c   0x0000003c   Code   RO         3398    i.Sync1_Isr         ecatappl.o
    0x080076c8   0x080076c8   0x00000008   Code   RO          375    i.SysTick_Handler   stm32f4xx_it.o
    0x080076d0   0x080076d0   0x000000b4   Code   RO           14    i.SystemClock_Config  main.o
    0x08007784   0x08007784   0x00000014   Code   RO         3240    i.SystemInit        system_stm32f4xx.o
    0x08007798   0x08007798   0x00000038   Code   RO         3818    i.TIM2_IRQHandler   el9800hw.o
    0x080077d0   0x080077d0   0x000000d8   Code   RO         2350    i.TIM_Base_SetConfig  stm32f4xx_hal_tim.o
    0x080078a8   0x080078a8   0x00000016   Code   RO         2361    i.TIM_ETR_SetConfig  stm32f4xx_hal_tim.o
    0x080078be   0x080078be   0x00000012   Code   RO         2362    i.TIM_ITRx_SetConfig  stm32f4xx_hal_tim.o
    0x080078d0   0x080078d0   0x00000026   Code   RO         2368    i.TIM_TI1_ConfigInputStage  stm32f4xx_hal_tim.o
    0x080078f6   0x080078f6   0x00000028   Code   RO         2370    i.TIM_TI2_ConfigInputStage  stm32f4xx_hal_tim.o
    0x0800791e   0x0800791e   0x00000002   PAD
    0x08007920   0x08007920   0x00000044   Code   RO         3547    i.UpdateEEPROMLoadedState  ecatslv.o
    0x08007964   0x08007964   0x00000004   Code   RO          376    i.UsageFault_Handler  stm32f4xx_it.o
    0x08007968   0x08007968   0x00000010   Code   RO         1553    i.__NVIC_GetPriorityGrouping  stm32f4xx_hal_cortex.o
    0x08007978   0x08007978   0x00000028   Code   RO         1554    i.__NVIC_SetPriority  stm32f4xx_hal_cortex.o
    0x080079a0   0x080079a0   0x00000006   Code   RO         3819    i.__set_PRIMASK     el9800hw.o
    0x080079a6   0x080079a6   0x00000024   Code   RO           15    i.main              main.o
    0x080079ca   0x080079ca   0x0000000a   Code   RO         4399    x$fpl$fpinit        fz_wm.l(fpinit.o)
    0x080079d4   0x080079d4   0x00000008   Data   RO         1270    .constdata          stm32f4xx_hal_dma.o
    0x080079dc   0x080079dc   0x00000018   Data   RO         3241    .constdata          system_stm32f4xx.o
    0x080079f4   0x080079f4   0x000008dd   Data   RO         3284    .constdata          coeappl.o
    0x080082d1   0x080082d1   0x00000001   PAD
    0x080082d2   0x080082d2   0x00000020   Data   RO         4053    .constdata          objdef.o
    0x080082f2   0x080082f2   0x00000002   PAD
    0x080082f4   0x080082f4   0x00000078   Data   RO         4146    .constdata          sdoserv.o
    0x0800836c   0x0800836c   0x00000020   Data   RO         4488    Region$$Table       anon$$obj.o


    Execution Region RW_IRAM1 (Exec base: 0x20000000, Load base: 0x0800838c, Size: 0x00004b58, Max: 0x0001c000, ABSOLUTE, COMPRESSED[0x00000264])

    Exec Addr    Load Addr    Size         Type   Attr      Idx    E Section Name        Object

    0x20000000   COMPRESSED   0x00000002   Data   RW           16    .data               main.o
    0x20000002   COMPRESSED   0x00000002   PAD
    0x20000004   COMPRESSED   0x00000009   Data   RW         1702    .data               stm32f4xx_hal.o
    0x2000000d   COMPRESSED   0x00000003   PAD
    0x20000010   COMPRESSED   0x00000004   Data   RW         3242    .data               system_stm32f4xx.o
    0x20000014   COMPRESSED   0x00000464   Data   RW         3285    .data               coeappl.o
    0x20000478   COMPRESSED   0x00000022   Data   RW         3400    .data               ecatappl.o
    0x2000049a   COMPRESSED   0x00000002   PAD
    0x2000049c   COMPRESSED   0x00000004   Data   RW         3494    .data               ecatcoe.o
    0x200004a0   COMPRESSED   0x0000004b   Data   RW         3548    .data               ecatslv.o
    0x200004eb   COMPRESSED   0x00000001   PAD
    0x200004ec   COMPRESSED   0x000000b8   Data   RW         3705    .data               el9800appl.o
    0x200005a4   COMPRESSED   0x00000004   Data   RW         3820    .data               el9800hw.o
    0x200005a8   COMPRESSED   0x00000021   Data   RW         3946    .data               mailbox.o
    0x200005c9   COMPRESSED   0x00000003   PAD
    0x200005cc   COMPRESSED   0x0000001d   Data   RW         4054    .data               objdef.o
    0x200005e9   COMPRESSED   0x00000003   PAD
    0x200005ec   COMPRESSED   0x0000003c   Data   RW         4147    .data               sdoserv.o
    0x20000628        -       0x000000a8   Zero   RW          220    .bss                adc.o
    0x200006d0        -       0x00000058   Zero   RW          286    .bss                spi.o
    0x20000728        -       0x00000048   Zero   RW          328    .bss                tim.o
    0x20000770        -       0x00000088   Zero   RW         3399    .bss                ecatappl.o
    0x200007f8        -       0x00000268   Zero   RW         3945    .bss                mailbox.o
    0x20000a60        -       0x00000088   Zero   RW         4052    .bss                objdef.o
    0x20000ae8        -       0x0000000e   Zero   RW         4145    .bss                sdoserv.o
    0x20000af6   COMPRESSED   0x00000002   PAD
    0x20000af8        -       0x00000060   Zero   RW         4363    .bss                c_w.l(libspace.o)
    0x20000b58        -       0x00002000   Zero   RW            2    HEAP                startup_stm32f405xx.o
    0x20002b58        -       0x00002000   Zero   RW            1    STACK               startup_stm32f405xx.o


    Execution Region RW_IRAM2 (Exec base: 0x2001c000, Load base: 0x080085f0, Size: 0x00000000, Max: 0x00004000, ABSOLUTE)

    **** No section assigned to this execution region ****


==============================================================================

Image component sizes


      Code (inc. data)   RO Data    RW Data    ZI Data      Debug   Object Name

       312         32          0          0        168       1839   adc.o
       716        114       2269       1124          0      30669   coeappl.o
        56          4          0          0          0        778   dma.o
      1840        296          0         34        136       9097   ecatappl.o
       164         26          0          4          0       3127   ecatcoe.o
      5710        652          0         75          0      18205   ecatslv.o
      1236         92          0        184          0      11264   el9800appl.o
       826         86          0          4          0      17603   el9800hw.o
       372         16          0          0          0       1095   gpio.o
      1924        300          0         33        616      12379   mailbox.o
       222          8          0          2          0     656079   main.o
      3660        124         32         29        136      17947   objdef.o
      3384        274        120         60         14      22831   sdoserv.o
       268         26          0          0         88       1769   spi.o
        64         26        392          0      16384        852   startup_stm32f405xx.o
       172         32          0          9          0       8801   stm32f4xx_hal.o
      1460         66          0          0          0       7445   stm32f4xx_hal_adc.o
       372         28          0          0          0      35249   stm32f4xx_hal_cortex.o
      1224         16          8          0          0       5587   stm32f4xx_hal_dma.o
       558         50          0          0          0       4035   stm32f4xx_hal_gpio.o
        80          6          0          0          0        874   stm32f4xx_hal_msp.o
      1744         58          0          0          0       3916   stm32f4xx_hal_rcc.o
      1078         14          0          0          0       4697   stm32f4xx_hal_spi.o
      1288         76          0          0          0      10359   stm32f4xx_hal_tim.o
       184         30          0          0          0       2517   stm32f4xx_hal_tim_ex.o
        50          6          0          0          0       4788   stm32f4xx_it.o
        20          6         24          4          0       1151   system_stm32f4xx.o
       176         10          0          0         72       1714   tim.o

    ----------------------------------------------------------------------
     29190       2474       2880       1576      17616     896667   Object Totals
         0          0         32          0          0          0   (incl. Generated)
        30          0          3         14          2          0   (incl. Padding)

    ----------------------------------------------------------------------

      Code (inc. data)   RO Data    RW Data    ZI Data      Debug   Library Member Name

        90          0          0          0          0          0   __dczerorl2.o
         8          0          0          0          0         68   __main.o
         0          0          0          0          0          0   __rtentry.o
        12          0          0          0          0          0   __rtentry2.o
         6          0          0          0          0          0   __rtentry4.o
        52          8          0          0          0          0   __scatter.o
        28          0          0          0          0          0   __scatter_zi.o
        10          0          0          0          0         68   defsig_exit.o
        50          0          0          0          0         88   defsig_general.o
        80         58          0          0          0         76   defsig_rtmem_inner.o
        14          0          0          0          0         80   defsig_rtmem_outer.o
        18          0          0          0          0         80   exit.o
        94          0          0          0          0         80   h1_alloc.o
        52          0          0          0          0         68   h1_extend.o
        78          0          0          0          0         80   h1_free.o
        14          0          0          0          0         84   h1_init.o
         6          0          0          0          0        152   heapauxi.o
         4          0          0          0          0        136   hguard.o
         0          0          0          0          0          0   indicate_semi.o
       138          0          0          0          0        168   init_alloc.o
         2          0          0          0          0          0   libinit.o
        14          0          0          0          0          0   libinit2.o
         2          0          0          0          0          0   libshutdown.o
         2          0          0          0          0          0   libshutdown2.o
         8          4          0          0         96         68   libspace.o
       238          0          0          0          0        100   lludivv7m.o
         0          0          0          0          0          0   maybetermalloc1.o
         8          4          0          0          0         68   rt_heap_descriptor_intlibspace.o
        68          0          0          0          0         68   rt_memclr.o
        78          0          0          0          0         80   rt_memclr_w.o
       138          0          0          0          0         68   rt_memcpy_v6.o
       100          0          0          0          0         80   rt_memcpy_w.o
         2          0          0          0          0          0   rtexit.o
        10          0          0          0          0          0   rtexit2.o
        62          0          0          0          0         76   strlen.o
        12          4          0          0          0         68   sys_exit.o
        74          0          0          0          0         80   sys_stackheap_outer.o
        14          0          0          0          0         76   sys_wrch.o
         2          0          0          0          0         68   use_no_semi.o
        10          0          0          0          0        116   fpinit.o

    ----------------------------------------------------------------------
      1606         78          0          0         96       2244   Library Totals
         8          0          0          0          0          0   (incl. Padding)

    ----------------------------------------------------------------------

      Code (inc. data)   RO Data    RW Data    ZI Data      Debug   Library Name

      1588         78          0          0         96       2128   c_w.l
        10          0          0          0          0        116   fz_wm.l

    ----------------------------------------------------------------------
      1606         78          0          0         96       2244   Library Totals

    ----------------------------------------------------------------------

==============================================================================


      Code (inc. data)   RO Data    RW Data    ZI Data      Debug   

     30796       2552       2880       1576      17712     880167   Grand Totals
     30796       2552       2880        612      17712     880167   ELF Image Totals (compressed)
     30796       2552       2880        612          0          0   ROM Totals

==============================================================================

    Total RO  Size (Code + RO Data)                33676 (  32.89kB)
    Total RW  Size (RW Data + ZI Data)             19288 (  18.84kB)
    Total ROM Size (Code + RO Data + RW Data)      34288 (  33.48kB)

==============================================================================

